2026-09-14T17:19:31.2812114Z Current runner version: '2.337.0'
##[group]Runner Image Provisioner
Hosted Compute Agent
Version: 20260828.587
Commit: abac92662cab4cc7352de4f9f9d2e2419aad9c29
Build Date: 2026-08-28T16:44:25Z
Worker ID: {2f627410-922b-42e6-9f62-dcd3e5a0aa1c}
Azure Region: eastus
##[endgroup]
##[group]Operating System
Ubuntu
24.04.5
LTS
##[endgroup]
##[group]Runner Image
Image: ubuntu-24.04
Version: 20260907.300.1
Included Software: https://github.com/actions/runner-images/blob/ubuntu24/20260907.300/images/ubuntu/Ubuntu2404-Readme.md
Image Release: https://github.com/actions/runner-images/releases/tag/ubuntu24%2F20260907.300
##[endgroup]
##[group]GITHUB_TOKEN Permissions
Contents: read
Metadata: read
##[endgroup]
Secret source: Actions
Cache mode: write
Prepare workflow directory
Prepare all required actions
Getting action download info
Download action repository 'actions/checkout@3d3c42e5aac5ba805825da76410c181273ba90b1' (SHA:3d3c42e5aac5ba805825da76410c181273ba90b1)
Complete job name: lint-wasm (wasm32-wasip2)
##[group]Run actions/checkout@3d3c42e5aac5ba805825da76410c181273ba90b1
with:
  persist-credentials: false
  repository: PerryTS/turnloop
  token: ***
  ssh-strict: true
  ssh-user: git
  clean: true
  sparse-checkout-cone-mode: true
  fetch-depth: 1
  fetch-tags: false
  show-progress: true
  lfs: false
  submodules: false
  set-safe-directory: true
  allow-unsafe-pr-checkout: false
env:
  CARGO_TERM_COLOR: always
  CC_wasm32_wasip2: clang
  AR_wasm32_wasip2: llvm-ar
  CC_wasm32_wasip3: clang
  AR_wasm32_wasip3: llvm-ar
  CC_wasm32_unknown_unknown: clang
  AR_wasm32_unknown_unknown: llvm-ar
  RUST_BACKTRACE: 1
  TARGET: wasm32-wasip2
##[endgroup]
Syncing repository: PerryTS/turnloop
##[group]Getting Git version info
Working directory is '/home/runner/work/turnloop/turnloop'
[command]/usr/bin/git version
git version 2.55.0
##[endgroup]
Temporarily overriding HOME='/home/runner/work/_temp/9ffb942d-b2c1-4521-8fe0-e41832ea7dd9' before making global git config changes
Adding repository directory to the temporary git global config as a safe directory
[command]/usr/bin/git config --global --add safe.directory /home/runner/work/turnloop/turnloop
Deleting the contents of '/home/runner/work/turnloop/turnloop'
##[group]Determining repository object format
##[endgroup]
##[group]Initializing the repository
[command]/usr/bin/git init /home/runner/work/turnloop/turnloop
hint: Using 'master' as the name for the initial branch. This default branch name
hint: will change to "main" in Git 3.0. To configure the initial branch name
hint: to use in all of your new repositories, which will suppress this warning,
hint: call:
hint:
hint: 	git config --global init.defaultBranch <name>
hint:
hint: Names commonly chosen instead of 'master' are 'main', 'trunk' and
hint: 'development'. The just-created branch can be renamed via this command:
hint:
hint: 	git branch -m <name>
hint:
hint: Disable this message with "git config set advice.defaultBranchName false"
Initialized empty Git repository in /home/runner/work/turnloop/turnloop/.git/
[command]/usr/bin/git remote add origin https://github.com/PerryTS/turnloop
##[endgroup]
##[group]Disabling automatic garbage collection
[command]/usr/bin/git config --local gc.auto 0
##[endgroup]
##[group]Setting up auth
Removing SSH command configuration
[command]/usr/bin/git config --local --name-only --get-regexp core\.sshCommand
[command]/usr/bin/git submodule foreach --recursive sh -c "git config --local --name-only --get-regexp 'core\.sshCommand' && git config --local --unset-all 'core.sshCommand' || :"
Removing HTTP extra header
[command]/usr/bin/git config --local --name-only --get-regexp http\.https\:\/\/github\.com\/\.extraheader
[command]/usr/bin/git submodule foreach --recursive sh -c "git config --local --name-only --get-regexp 'http\.https\:\/\/github\.com\/\.extraheader' && git config --local --unset-all 'http.https://github.com/.extraheader' || :"
Removing includeIf entries pointing to credentials config files
[command]/usr/bin/git config --local --name-only --get-regexp ^includeIf\.gitdir:
[command]/usr/bin/git submodule foreach --recursive git config --local --show-origin --name-only --get-regexp remote.origin.url
[command]/usr/bin/git config --file /home/runner/work/_temp/git-credentials-3fe27264-a59d-4cae-a858-0186844739a1.config http.https://github.com/.extraheader AUTHORIZATION: basic ***
[command]/usr/bin/git config --local includeIf.gitdir:/home/runner/work/turnloop/turnloop/.git.path /home/runner/work/_temp/git-credentials-3fe27264-a59d-4cae-a858-0186844739a1.config
[command]/usr/bin/git config --local includeIf.gitdir:/home/runner/work/turnloop/turnloop/.git/worktrees/*.path /home/runner/work/_temp/git-credentials-3fe27264-a59d-4cae-a858-0186844739a1.config
[command]/usr/bin/git config --local includeIf.gitdir:/github/workspace/.git.path /github/runner_temp/git-credentials-3fe27264-a59d-4cae-a858-0186844739a1.config
[command]/usr/bin/git config --local includeIf.gitdir:/github/workspace/.git/worktrees/*.path /github/runner_temp/git-credentials-3fe27264-a59d-4cae-a858-0186844739a1.config
##[endgroup]
##[group]Fetching the repository
[command]/usr/bin/git -c protocol.version=2 fetch --no-tags --prune --no-recurse-submodules --depth=1 origin +7aad6eb8bcba4fb49ea207a0af3c7f8e87235a36:refs/remotes/origin/main
From https://github.com/PerryTS/turnloop
 * [new ref]         7aad6eb8bcba4fb49ea207a0af3c7f8e87235a36 -> origin/main
[command]/usr/bin/git branch --list --remote origin/main
  origin/main
[command]/usr/bin/git rev-parse refs/remotes/origin/main
7aad6eb8bcba4fb49ea207a0af3c7f8e87235a36
##[endgroup]
##[group]Determining the checkout info
##[endgroup]
[command]/usr/bin/git sparse-checkout disable
[command]/usr/bin/git config --local --unset-all extensions.worktreeConfig
##[group]Checking out the ref
[command]/usr/bin/git checkout --progress --force -B main refs/remotes/origin/main
Switched to a new branch 'main'
branch 'main' set up to track 'origin/main'.
##[endgroup]
[command]/usr/bin/git log -1 --format=%H
7aad6eb8bcba4fb49ea207a0af3c7f8e87235a36
##[group]Removing auth
Removing SSH command configuration
[command]/usr/bin/git config --local --name-only --get-regexp core\.sshCommand
[command]/usr/bin/git submodule foreach --recursive sh -c "git config --local --name-only --get-regexp 'core\.sshCommand' && git config --local --unset-all 'core.sshCommand' || :"
Removing HTTP extra header
[command]/usr/bin/git config --local --name-only --get-regexp http\.https\:\/\/github\.com\/\.extraheader
[command]/usr/bin/git submodule foreach --recursive sh -c "git config --local --name-only --get-regexp 'http\.https\:\/\/github\.com\/\.extraheader' && git config --local --unset-all 'http.https://github.com/.extraheader' || :"
Removing includeIf entries pointing to credentials config files
[command]/usr/bin/git config --local --name-only --get-regexp ^includeIf\.gitdir:
includeif.gitdir:/home/runner/work/turnloop/turnloop/.git.path
includeif.gitdir:/home/runner/work/turnloop/turnloop/.git/worktrees/*.path
includeif.gitdir:/github/workspace/.git.path
includeif.gitdir:/github/workspace/.git/worktrees/*.path
[command]/usr/bin/git config --local --get-all includeif.gitdir:/home/runner/work/turnloop/turnloop/.git.path
/home/runner/work/_temp/git-credentials-3fe27264-a59d-4cae-a858-0186844739a1.config
[command]/usr/bin/git config --local --unset includeif.gitdir:/home/runner/work/turnloop/turnloop/.git.path \/home\/runner\/work\/_temp\/git\-credentials\-3fe27264\-a59d\-4cae\-a858\-0186844739a1\.config
[command]/usr/bin/git config --local --get-all includeif.gitdir:/home/runner/work/turnloop/turnloop/.git/worktrees/*.path
/home/runner/work/_temp/git-credentials-3fe27264-a59d-4cae-a858-0186844739a1.config
[command]/usr/bin/git config --local --unset includeif.gitdir:/home/runner/work/turnloop/turnloop/.git/worktrees/*.path \/home\/runner\/work\/_temp\/git\-credentials\-3fe27264\-a59d\-4cae\-a858\-0186844739a1\.config
[command]/usr/bin/git config --local --get-all includeif.gitdir:/github/workspace/.git.path
/github/runner_temp/git-credentials-3fe27264-a59d-4cae-a858-0186844739a1.config
[command]/usr/bin/git config --local --unset includeif.gitdir:/github/workspace/.git.path \/github\/runner_temp\/git\-credentials\-3fe27264\-a59d\-4cae\-a858\-0186844739a1\.config
[command]/usr/bin/git config --local --get-all includeif.gitdir:/github/workspace/.git/worktrees/*.path
/github/runner_temp/git-credentials-3fe27264-a59d-4cae-a858-0186844739a1.config
[command]/usr/bin/git config --local --unset includeif.gitdir:/github/workspace/.git/worktrees/*.path \/github\/runner_temp\/git\-credentials\-3fe27264\-a59d\-4cae\-a858\-0186844739a1\.config
[command]/usr/bin/git submodule foreach --recursive git config --local --show-origin --name-only --get-regexp remote.origin.url
Removing credentials config '/home/runner/work/_temp/git-credentials-3fe27264-a59d-4cae-a858-0186844739a1.config'
##[endgroup]
##[group]Run rustup toolchain install nightly-2026-08-20 --profile minimal --component rustfmt,clippy
rustup toolchain install nightly-2026-08-20 --profile minimal --component rustfmt,clippy
shell: /usr/bin/bash --noprofile --norc -e -o pipefail {0}
env:
  CARGO_TERM_COLOR: always
  CC_wasm32_wasip2: clang
  AR_wasm32_wasip2: llvm-ar
  CC_wasm32_wasip3: clang
  AR_wasm32_wasip3: llvm-ar
  CC_wasm32_unknown_unknown: clang
  AR_wasm32_unknown_unknown: llvm-ar
  RUST_BACKTRACE: 1
  TARGET: wasm32-wasip2
##[endgroup]
info: syncing channel updates for nightly-2026-08-20-x86_64-unknown-linux-gnu
info: latest update on 2026-08-20 for version 1.100.0-nightly (f7d782a3b 2026-08-19)
info: downloading 5 components

  nightly-2026-08-20-x86_64-unknown-linux-gnu installed - rustc 1.100.0-nightly (f7d782a3b 2026-08-19)

##[group]Run rustup target add --toolchain nightly-2026-08-20 "$TARGET"
rustup target add --toolchain nightly-2026-08-20 "$TARGET"
cargo +nightly-2026-08-20 clippy --locked --workspace --all-targets --target "$TARGET" --all-features -- -D warnings -D clippy::undocumented_unsafe_blocks
rustup toolchain install stable --profile minimal --target "$TARGET"
cargo +stable check --locked --workspace --all-targets --all-features --target "$TARGET"
shell: /usr/bin/bash --noprofile --norc -e -o pipefail {0}
env:
  CARGO_TERM_COLOR: always
  CC_wasm32_wasip2: clang
  AR_wasm32_wasip2: llvm-ar
  CC_wasm32_wasip3: clang
  AR_wasm32_wasip3: llvm-ar
  CC_wasm32_unknown_unknown: clang
  AR_wasm32_unknown_unknown: llvm-ar
  RUST_BACKTRACE: 1
  TARGET: wasm32-wasip2
##[endgroup]
info: downloading component rust-std
    Updating crates.io index
 Downloading crates ...
  Downloaded adler2 v2.0.1
  Downloaded alloc-no-stdlib v2.0.4
  Downloaded alloc-stdlib v0.2.4
  Downloaded mime v0.3.17
  Downloaded proc-macro-error-attr3 v3.1.1
  Downloaded cfg-if v1.0.4
  Downloaded cmov v0.5.4
  Downloaded either v1.18.0
  Downloaded form_urlencoded v1.2.2
  Downloaded pbkdf2 v0.13.0
  Downloaded pkg-config v0.3.34
  Downloaded smallvec v1.16.0
  Downloaded ahash v0.8.12
  Downloaded ciborium v0.2.2
  Downloaded fastrand v2.5.0
  Downloaded jobserver v0.1.35
  Downloaded rand_core v0.9.5
  Downloaded wit-bindgen v0.57.1
  Downloaded bitflags v2.13.1
  Downloaded bytes v1.12.1
  Downloaded clap v4.6.6
  Downloaded clap_lex v1.1.0
  Downloaded half v2.7.1
  Downloaded num-conv v0.2.2
  Downloaded httparse v1.10.1
  Downloaded gungraun v0.19.4
  Downloaded icu_properties v2.3.0
  Downloaded aho-corasick v1.1.5
  Downloaded bson v3.1.0
  Downloaded idna v1.1.0
  Downloaded litemap v0.8.3
  Downloaded mysql_common v0.38.2
  Downloaded byteorder v1.5.0
  Downloaded chacha20 v0.10.2
  Downloaded icu_normalizer v2.3.0
  Downloaded icu_properties_data v2.3.0
  Downloaded anes v0.1.6
  Downloaded brotli v8.0.4
  Downloaded clap_builder v4.6.6
  Downloaded autocfg v1.5.1
  Downloaded base64 v0.22.1
  Downloaded ciborium-ll v0.2.2
  Downloaded idna_adapter v1.2.2
  Downloaded cpufeatures v0.3.1
  Downloaded itoa v1.0.18
  Downloaded cast v0.3.0
  Downloaded crypto-common v0.2.2
  Downloaded ctutils v0.4.2
  Downloaded block-buffer v0.12.1
  Downloaded email-encoding v0.4.1
  Downloaded pastey v0.2.3
  Downloaded hex v0.4.3
  Downloaded md-5 v0.11.0
  Downloaded equivalent v1.0.2
  Downloaded funty v2.0.0
  Downloaded httpdate v1.0.3
  Downloaded is-terminal v0.4.17
  Downloaded btoi v0.5.0
  Downloaded displaydoc v0.2.7
  Downloaded num-integer v0.1.47
  Downloaded ciborium-io v0.2.2
  Downloaded data-encoding v2.11.1
  Downloaded email_address v0.2.9
  Downloaded derive_more-impl v2.1.1
  Downloaded fallible-iterator v0.2.0
  Downloaded deranged v0.5.8
  Downloaded digest v0.11.3
  Downloaded find-msvc-tools v0.1.12
  Downloaded gungraun-macros v0.9.1
  Downloaded once_cell v1.21.4
  Downloaded anstyle v1.0.14
  Downloaded crc32fast v1.5.1
  Downloaded getrandom v0.2.17
  Downloaded oorandom v11.1.5
  Downloaded criterion-plot v0.5.0
  Downloaded icu_provider v2.3.1
  Downloaded log v0.4.34
  Downloaded getrandom v0.3.4
  Downloaded getrandom v0.4.3
  Downloaded hybrid-array v0.4.14
  Downloaded miniz_oxide v0.9.1
  Downloaded num-traits v0.2.19
  Downloaded cc v1.4.5
  Downloaded const-oid v0.10.2
  Downloaded criterion v0.5.1
  Downloaded derive_more v2.1.1
  Downloaded either-or-both v0.3.1
  Downloaded flate2 v1.1.10
  Downloaded hmac v0.13.0
  Downloaded icu_collections v2.3.0
  Downloaded icu_locale_core v2.3.0
  Downloaded icu_normalizer_data v2.3.0
  Downloaded num-bigint v0.5.1
  Downloaded indexmap v2.14.2
  Downloaded memchr v2.8.3
  Downloaded hashbrown v0.17.1
  Downloaded http v1.5.0
  Downloaded itertools v0.10.5
  Downloaded bincode-next v3.1.1
  Downloaded nom v8.0.0
  Downloaded lettre v0.11.23
  Downloaded brotli-decompressor v5.0.3
  Downloaded gungraun-runner v0.19.4
  Downloaded bitvec v1.1.1
  Downloaded libc v0.2.175
  Downloaded percent-encoding v2.3.2
  Downloaded zerovec-derive v0.11.6
  Downloaded quoted_printable v0.5.2
  Downloaded rand_chacha v0.3.1
  Downloaded yoke v0.8.3
  Downloaded rustversion v1.0.23
  Downloaded shlex v2.0.1
  Downloaded uuid v1.26.0
  Downloaded zeroize v1.9.0
  Downloaded rustls-pki-types v1.15.1
  Downloaded rustls-webpki v0.103.15
  Downloaded unicode-normalization v0.1.25
  Downloaded serde v1.0.229
  Downloaded zerocopy v0.8.56
  Downloaded thiserror v2.0.20
  Downloaded typenum v1.20.1
  Downloaded proc-macro-error3 v3.1.1
  Downloaded potential_utf v0.1.6
  Downloaded twox-hash v2.1.4
  Downloaded rcgen v0.13.2
  Downloaded unicode-bidi v0.3.18
  Downloaded zstd v0.13.3
  Downloaded time-core v0.1.9
  Downloaded ppv-lite86 v0.2.21
  Downloaded radium v0.7.0
  Downloaded sha1 v0.11.0
  Downloaded subtle v2.6.1
  Downloaded tungstenite v0.30.0
  Downloaded unty-next v0.1.2
  Downloaded version_check v0.9.5
  Downloaded rand v0.8.8
  Downloaded tinyvec_macros v0.1.1
  Downloaded serde_bytes v0.11.19
  Downloaded zerofrom v0.1.8
  Downloaded zerofrom-derive v0.1.7
  Downloaded rand_chacha v0.9.0
  Downloaded rand_core v0.10.1
  Downloaded serde_json v1.0.151
  Downloaded simdutf8 v0.1.5
  Downloaded untrusted v0.9.0
  Downloaded wasi v0.11.1+wasi-snapshot-preview1
  Downloaded rand v0.9.5
  Downloaded regex v1.13.1
  Downloaded syn v2.0.119
  Downloaded tinyvec v1.13.2
  Downloaded zerovec v0.11.8
  Downloaded wyz v0.5.1
  Downloaded stringprep v0.1.5
  Downloaded time-macros v0.2.32
  Downloaded yasna v0.5.2
  Downloaded rustc_version v0.4.1
  Downloaded utf8_iter v1.0.4
  Downloaded thiserror-impl v2.0.20
  Downloaded quote v1.0.47
  Downloaded simd-adler32 v0.3.10
  Downloaded unicode-ident v1.0.24
  Downloaded synstructure v0.13.2
  Downloaded rand v0.10.2
  Downloaded rapidhash v4.5.1
  Downloaded serde_core v1.0.229
  Downloaded wasip2 v1.0.4+wasi-0.2.12
  Downloaded serde_derive v1.0.229
  Downloaded zerocopy-derive v0.8.56
  Downloaded time v0.3.55
  Downloaded webpki-roots v1.0.9
  Downloaded postgres-protocol v0.6.12
  Downloaded proc-macro2 v1.0.107
  Downloaded zstd-sys v2.1.0+zstd.1.5.7
  Downloaded sha2 v0.11.0
  Downloaded powerfmt v0.2.0
  Downloaded unicode-properties v0.1.4
  Downloaded url v2.5.8
  Downloaded regex-automata v0.4.18
  Downloaded zmij v1.0.23
  Downloaded saturating v0.1.0
  Downloaded tinystr v0.8.4
  Downloaded walkdir v2.5.0
  Downloaded regex-syntax v0.8.11
  Downloaded writeable v0.6.4
  Downloaded zstd-safe v7.3.0
  Downloaded pem v3.0.6
  Downloaded semver v1.0.28
  Downloaded yoke-derive v0.8.2
  Downloaded stable_deref_trait v1.2.1
  Downloaded zerotrie v0.2.5
  Downloaded tinytemplate v1.2.1
  Downloaded rustls v0.23.45
  Downloaded same-file v1.0.6
  Downloaded tap v1.0.1
  Downloaded rand_core v0.6.4
  Downloaded syn v3.0.5
  Downloaded ring v0.17.14
    Checking cfg-if v1.0.4
   Compiling proc-macro2 v1.0.107
   Compiling quote v1.0.47
   Compiling unicode-ident v1.0.24
    Checking base64 v0.22.1
    Checking typenum v1.20.1
    Checking memchr v2.8.3
    Checking cmov v0.5.4
    Checking ctutils v0.4.2
    Checking const-oid v0.10.2
    Checking rand_core v0.10.1
   Compiling getrandom v0.4.3
    Checking itoa v1.0.18
    Checking stable_deref_trait v1.2.1
   Compiling crc32fast v1.5.1
   Compiling syn v3.0.5
    Checking hybrid-array v0.4.14
   Compiling syn v2.0.119
    Checking adler2 v2.0.1
    Checking simd-adler32 v0.3.10
    Checking miniz_oxide v0.9.1
    Checking block-buffer v0.12.1
    Checking crypto-common v0.2.2
    Checking flate2 v1.1.10
    Checking bytes v1.12.1
    Checking digest v0.11.3
    Checking once_cell v1.21.4
    Checking wasi v0.11.1+wasi-snapshot-preview1
    Checking writeable v0.6.4
    Checking getrandom v0.2.17
   Compiling thiserror v2.0.20
    Checking litemap v0.8.3
   Compiling serde_core v1.0.229
    Checking sha2 v0.11.0
   Compiling zerocopy v0.8.56
   Compiling synstructure v0.13.2
   Compiling time-core v0.1.9
    Checking utf8_iter v1.0.4
   Compiling icu_normalizer_data v2.3.0
   Compiling num-conv v0.2.2
   Compiling shlex v2.0.1
   Compiling icu_properties_data v2.3.0
   Compiling find-msvc-tools v0.1.12
   Compiling time-macros v0.2.32
   Compiling cc v1.4.5
   Compiling zerovec-derive v0.11.6
   Compiling zerofrom-derive v0.1.7
   Compiling yoke-derive v0.8.2
   Compiling displaydoc v0.2.7
    Checking zerofrom v0.1.8
   Compiling thiserror-impl v2.0.20
    Checking yoke v0.8.3
    Checking zerovec v0.11.8
    Checking zerotrie v0.2.5
    Checking powerfmt v0.2.0
    Checking tinystr v0.8.4
    Checking potential_utf v0.1.6
    Checking icu_collections v2.3.0
    Checking icu_locale_core v2.3.0
    Checking deranged v0.5.8
    Checking icu_provider v2.3.1
   Compiling ring v0.17.14
    Checking sha1 v0.11.0
    Checking smallvec v1.16.0
   Compiling zmij v1.0.23
    Checking time v0.3.55
    Checking fastrand v2.5.0
    Checking icu_normalizer v2.3.0
    Checking icu_properties v2.3.0
    Checking zeroize v1.9.0
    Checking tinyvec_macros v0.1.1
   Compiling serde_json v1.0.151
   Compiling serde v1.0.229
   Compiling wit-bindgen v0.57.1
    Checking tinyvec v1.13.2
    Checking rustls-pki-types v1.15.1
    Checking idna_adapter v1.2.2
   Compiling serde_derive v1.0.229
    Checking untrusted v0.9.0
    Checking ppv-lite86 v0.2.21
    Checking idna v1.1.0
    Checking unicode-normalization v0.1.25
    Checking uuid v1.26.0
    Checking hmac v0.13.0
   Compiling getrandom v0.3.4
    Checking hex v0.4.3
    Checking unicode-properties v0.1.4
    Checking unicode-bidi v0.3.18
    Checking wasip2 v1.0.4+wasi-0.2.12
    Checking stringprep v0.1.5
    Checking md-5 v0.11.0
   Compiling rustls v0.23.45
    Checking twox-hash v2.1.4
    Checking subtle v2.6.1
    Checking webpki-roots v1.0.9
   Compiling httparse v1.10.1
    Checking byteorder v1.5.0
   Compiling version_check v0.9.5
   Compiling autocfg v1.5.1
    Checking alloc-no-stdlib v2.0.4
   Compiling radium v0.7.0
   Compiling num-traits v0.2.19
    Checking alloc-stdlib v0.2.4
   Compiling ahash v0.8.12
    Checking rand_core v0.9.5
    Checking turnloop-zstd-decoder v0.1.0 (/home/runner/work/turnloop/turnloop/protocols/turnloop-zstd-decoder)
    Checking chacha20 v0.10.2
error: couldn't read `protocols/turnloop-zstd-decoder/src/../README.md`: No such file or directory (os error 2)
  --> protocols/turnloop-zstd-decoder/src/lib.rs:13:10
   |
13 | #![doc = include_str!("../README.md")]
   |          ^^^^^^^^^^^^^^^^^^^^^^^^^^^^
   |
help: there is a file with the same name in a different directory
   |
13 | #![doc = include_str!("../../../README.md")]
   |                           ++++++

    Checking percent-encoding v2.3.2
    Checking tap v1.0.1
    Checking wyz v0.5.1
    Checking form_urlencoded v1.2.2
    Checking rand v0.10.2
error: could not compile `turnloop-zstd-decoder` (lib) due to 1 previous error
warning: build failed, waiting for other jobs to finish...
error: failed to run custom build command for `ring v0.17.14`

Caused by:
  process didn't exit successfully: `/home/runner/work/turnloop/turnloop/target/debug/build/ring/cb03a2d34cc5f6f9/out/build_script_build` (exit status: 1)
  --- stdout
  cargo:rerun-if-env-changed=CARGO_MANIFEST_DIR
  cargo:rerun-if-env-changed=CARGO_PKG_NAME
  cargo:rerun-if-env-changed=CARGO_PKG_VERSION_MAJOR
  cargo:rerun-if-env-changed=CARGO_PKG_VERSION_MINOR
  cargo:rerun-if-env-changed=CARGO_PKG_VERSION_PATCH
  cargo:rerun-if-env-changed=CARGO_PKG_VERSION_PRE
  cargo:rerun-if-env-changed=CARGO_MANIFEST_LINKS
  cargo:rerun-if-env-changed=RING_PREGENERATE_ASM
  cargo:rerun-if-env-changed=OUT_DIR
  cargo:rerun-if-env-changed=CARGO_CFG_TARGET_ARCH
  cargo:rerun-if-env-changed=CARGO_CFG_TARGET_OS
  cargo:rerun-if-env-changed=CARGO_CFG_TARGET_ENV
  cargo:rerun-if-env-changed=CARGO_CFG_TARGET_ENDIAN
  cargo:rerun-if-env-changed=CC_wasm32-wasip2
  CC_wasm32-wasip2 = None
  cargo:rerun-if-env-changed=CC_wasm32_wasip2
  CC_wasm32_wasip2 = Some(clang)
  cargo:rerun-if-env-changed=CC_KNOWN_WRAPPER_CUSTOM
  CC_KNOWN_WRAPPER_CUSTOM = None
  cargo:rerun-if-env-changed=CC_ENABLE_DEBUG_OUTPUT
  cargo:rerun-if-env-changed=CRATE_CC_NO_DEFAULTS
  CRATE_CC_NO_DEFAULTS = None
  cargo:rerun-if-env-changed=WASI_SYSROOT
  WASI_SYSROOT = None
  cargo:rerun-if-env-changed=CRATE_CC_NO_DEFAULTS
  CRATE_CC_NO_DEFAULTS = None
  cargo:rerun-if-env-changed=WASI_SYSROOT
  WASI_SYSROOT = None
  cargo:rerun-if-env-changed=CFLAGS
  CFLAGS = None
  cargo:rerun-if-env-changed=TARGET_CFLAGS
  TARGET_CFLAGS = None
  cargo:rerun-if-env-changed=CFLAGS_wasm32_wasip2
  CFLAGS_wasm32_wasip2 = None
  cargo:rerun-if-env-changed=CFLAGS_wasm32-wasip2
  CFLAGS_wasm32-wasip2 = None
  cargo:rerun-if-env-changed=CFLAGS
  CFLAGS = None
  cargo:rerun-if-env-changed=TARGET_CFLAGS
  TARGET_CFLAGS = None
  cargo:rerun-if-env-changed=CFLAGS_wasm32_wasip2
  CFLAGS_wasm32_wasip2 = None
  cargo:rerun-if-env-changed=CFLAGS_wasm32-wasip2
  CFLAGS_wasm32-wasip2 = None

  --- stderr


  error occurred in cc-rs: failed to find tool "llvm-ar": No such file or directory (os error 2)


##[error]Process completed with exit code 101.
Post job cleanup.
[command]/usr/bin/git version
git version 2.55.0
Temporarily overriding HOME='/home/runner/work/_temp/c0e9548b-f251-4006-99ef-2ba3198d427a' before making global git config changes
Adding repository directory to the temporary git global config as a safe directory
[command]/usr/bin/git config --global --add safe.directory /home/runner/work/turnloop/turnloop
Removing SSH command configuration
[command]/usr/bin/git config --local --name-only --get-regexp core\.sshCommand
[command]/usr/bin/git submodule foreach --recursive sh -c "git config --local --name-only --get-regexp 'core\.sshCommand' && git config --local --unset-all 'core.sshCommand' || :"
Removing HTTP extra header
[command]/usr/bin/git config --local --name-only --get-regexp http\.https\:\/\/github\.com\/\.extraheader
[command]/usr/bin/git submodule foreach --recursive sh -c "git config --local --name-only --get-regexp 'http\.https\:\/\/github\.com\/\.extraheader' && git config --local --unset-all 'http.https://github.com/.extraheader' || :"
Removing includeIf entries pointing to credentials config files
[command]/usr/bin/git config --local --name-only --get-regexp ^includeIf\.gitdir:
[command]/usr/bin/git submodule foreach --recursive git config --local --show-origin --name-only --get-regexp remote.origin.url
Cleaning up orphan processes
