2026-09-14T17:01:04.1730995Z Current runner version: '2.337.0'
##[group]Runner Image Provisioner
Hosted Compute Agent
Version: 20260828.587
Commit: abac92662cab4cc7352de4f9f9d2e2419aad9c29
Build Date: 2026-08-28T16:44:25Z
Worker ID: {ddefc9cd-58c2-46a6-a118-20906f36ddf1}
Azure Region: eastus
##[endgroup]
##[group]Operating System
Ubuntu
24.04.5
LTS
##[endgroup]
##[group]Runner Image
Image: ubuntu-24.04
Version: 20260907.300.1
Included Software: https://github.com/actions/runner-images/blob/ubuntu24/20260907.300/images/ubuntu/Ubuntu2404-Readme.md
Image Release: https://github.com/actions/runner-images/releases/tag/ubuntu24%2F20260907.300
##[endgroup]
##[group]GITHUB_TOKEN Permissions
Contents: read
Metadata: read
##[endgroup]
Secret source: Actions
Cache mode: write
Prepare workflow directory
Prepare all required actions
Getting action download info
Download action repository 'actions/checkout@3d3c42e5aac5ba805825da76410c181273ba90b1' (SHA:3d3c42e5aac5ba805825da76410c181273ba90b1)
Download action repository 'actions/setup-python@5fda3b95a4ea91299a34e894583c3862153e4b97' (SHA:5fda3b95a4ea91299a34e894583c3862153e4b97)
Download action repository 'actions/cache@55cc8345863c7cc4c66a329aec7e433d2d1c52a9' (SHA:55cc8345863c7cc4c66a329aec7e433d2d1c52a9)
Download action repository 'actions/upload-artifact@043fb46d1a93c77aae656e7c1c64a875d1fc6a0a' (SHA:043fb46d1a93c77aae656e7c1c64a875d1fc6a0a)
Complete job name: protocol
##[group]Checking docker version
##[command]/usr/bin/docker version --format '{{.Server.APIVersion}}'
'1.48'
Docker daemon API version: '1.48'
##[command]/usr/bin/docker version --format '{{.Client.APIVersion}}'
'1.48'
Docker client API version: '1.48'
##[endgroup]
##[group]Clean up resources from previous jobs
##[command]/usr/bin/docker ps --all --quiet --no-trunc --filter "label=a901ba"
##[command]/usr/bin/docker network prune --force --filter "label=a901ba"
##[endgroup]
##[group]Create local container network
##[command]/usr/bin/docker network create --label a901ba github_network_571bcef6aa2f48d997c88e1bf61a1616
1aa3156a008875746d7deb48bab1f0ecf0c287bd47c199824a158c00d234cfec
##[endgroup]
##[group]Starting postgres service container
##[command]/usr/bin/docker pull postgres:16
16: Pulling from library/postgres
6310eb16bf42: Pulling fs layer
4d710b756578: Pulling fs layer
3fa541d8cac9: Pulling fs layer
b3ffe1fd6e79: Pulling fs layer
f122bc3261fc: Pulling fs layer
5322d81b9b21: Pulling fs layer
9bd242f25e75: Pulling fs layer
9d1e9c1e61f4: Pulling fs layer
48dd761b6bfe: Pulling fs layer
00034b17b963: Pulling fs layer
8a082189cfe1: Pulling fs layer
988d57697ad2: Pulling fs layer
9f809ec5ff35: Pulling fs layer
af7708f26521: Pulling fs layer
b3ffe1fd6e79: Waiting
f122bc3261fc: Waiting
5322d81b9b21: Waiting
9bd242f25e75: Waiting
9d1e9c1e61f4: Waiting
48dd761b6bfe: Waiting
00034b17b963: Waiting
988d57697ad2: Waiting
9f809ec5ff35: Waiting
af7708f26521: Waiting
8a082189cfe1: Waiting
4d710b756578: Verifying Checksum
4d710b756578: Download complete
b3ffe1fd6e79: Verifying Checksum
b3ffe1fd6e79: Download complete
3fa541d8cac9: Verifying Checksum
3fa541d8cac9: Download complete
5322d81b9b21: Verifying Checksum
5322d81b9b21: Download complete
6310eb16bf42: Verifying Checksum
6310eb16bf42: Download complete
f122bc3261fc: Verifying Checksum
f122bc3261fc: Download complete
9d1e9c1e61f4: Verifying Checksum
9d1e9c1e61f4: Download complete
9bd242f25e75: Verifying Checksum
9bd242f25e75: Download complete
00034b17b963: Verifying Checksum
00034b17b963: Download complete
8a082189cfe1: Verifying Checksum
8a082189cfe1: Download complete
988d57697ad2: Verifying Checksum
988d57697ad2: Download complete
af7708f26521: Verifying Checksum
af7708f26521: Download complete
9f809ec5ff35: Verifying Checksum
9f809ec5ff35: Download complete
48dd761b6bfe: Verifying Checksum
48dd761b6bfe: Download complete
6310eb16bf42: Pull complete
4d710b756578: Pull complete
3fa541d8cac9: Pull complete
b3ffe1fd6e79: Pull complete
f122bc3261fc: Pull complete
5322d81b9b21: Pull complete
9bd242f25e75: Pull complete
9d1e9c1e61f4: Pull complete
48dd761b6bfe: Pull complete
00034b17b963: Pull complete
8a082189cfe1: Pull complete
988d57697ad2: Pull complete
9f809ec5ff35: Pull complete
af7708f26521: Pull complete
Digest: sha256:f1c3376c26f2609ab9f29f71f824103fe2fcd8ee0346485cb6122a4f93df6f94
Status: Downloaded newer image for postgres:16
docker.io/library/postgres:16
##[command]/usr/bin/docker create --name aa9249521a0a4fa0a86af41a58819dbf_postgres16_fb6644 --label a901ba --network github_network_571bcef6aa2f48d997c88e1bf61a1616 --network-alias postgres -p 5432:5432 --health-cmd "pg_isready -h 127.0.0.1 -U turnloop -d turnloop" --health-interval 5s --health-timeout 5s --health-retries 30 -e "POSTGRES_DB=turnloop" -e "POSTGRES_USER=turnloop" -e "POSTGRES_PASSWORD=turnloop" -e "POSTGRES_HOST_AUTH_METHOD=scram-sha-256" -e GITHUB_ACTIONS=true -e CI=true postgres:16
f8285a8a9720cf4b6192320a7efbdc82b0ac7e901f0cd569453266f42636c212
##[command]/usr/bin/docker start f8285a8a9720cf4b6192320a7efbdc82b0ac7e901f0cd569453266f42636c212
f8285a8a9720cf4b6192320a7efbdc82b0ac7e901f0cd569453266f42636c212
##[command]/usr/bin/docker ps --all --filter id=f8285a8a9720cf4b6192320a7efbdc82b0ac7e901f0cd569453266f42636c212 --filter status=running --no-trunc --format "{{.ID}} {{.Status}}"
f8285a8a9720cf4b6192320a7efbdc82b0ac7e901f0cd569453266f42636c212 Up Less than a second (health: starting)
##[command]/usr/bin/docker port f8285a8a9720cf4b6192320a7efbdc82b0ac7e901f0cd569453266f42636c212
5432/tcp -> 0.0.0.0:5432
5432/tcp -> [::]:5432
##[endgroup]
##[group]Starting mysql service container
##[command]/usr/bin/docker pull mysql:9.6.0
9.6.0: Pulling from library/mysql
bb5107df7baa: Pulling fs layer
e639cd467a97: Pulling fs layer
84e79c47b301: Pulling fs layer
c28152004afe: Pulling fs layer
0c97bec1a348: Pulling fs layer
e885080b838e: Pulling fs layer
6497d062da4f: Pulling fs layer
980d6178a910: Pulling fs layer
664c1f1ffcc8: Pulling fs layer
8faff6d2a6d2: Pulling fs layer
c28152004afe: Waiting
0c97bec1a348: Waiting
e885080b838e: Waiting
6497d062da4f: Waiting
980d6178a910: Waiting
664c1f1ffcc8: Waiting
8faff6d2a6d2: Waiting
e639cd467a97: Verifying Checksum
e639cd467a97: Download complete
84e79c47b301: Verifying Checksum
84e79c47b301: Download complete
0c97bec1a348: Download complete
c28152004afe: Verifying Checksum
c28152004afe: Download complete
e885080b838e: Verifying Checksum
e885080b838e: Download complete
980d6178a910: Verifying Checksum
980d6178a910: Download complete
bb5107df7baa: Verifying Checksum
bb5107df7baa: Download complete
8faff6d2a6d2: Verifying Checksum
8faff6d2a6d2: Download complete
6497d062da4f: Verifying Checksum
6497d062da4f: Download complete
664c1f1ffcc8: Verifying Checksum
664c1f1ffcc8: Download complete
bb5107df7baa: Pull complete
e639cd467a97: Pull complete
84e79c47b301: Pull complete
c28152004afe: Pull complete
0c97bec1a348: Pull complete
e885080b838e: Pull complete
6497d062da4f: Pull complete
980d6178a910: Pull complete
664c1f1ffcc8: Pull complete
8faff6d2a6d2: Pull complete
Digest: sha256:c5df04bee1a42b74a5841c6409e669cf62126cd0416f00c1cea8ab933b9361b9
Status: Downloaded newer image for mysql:9.6.0
docker.io/library/mysql:9.6.0
##[command]/usr/bin/docker create --name 331ebefddd2649b0bc0333b511fa05c2_mysql960_22c55a --label a901ba --network github_network_571bcef6aa2f48d997c88e1bf61a1616 --network-alias mysql -p 3306:3306 --health-cmd "mysql --host=127.0.0.1 --user=turnloop --*** --execute 'SELECT 1'" --health-interval 5s --health-timeout 5s --health-retries 60 -e "MYSQL_DATABASE=turnloop" -e "MYSQL_USER=turnloop" -e "MYSQL_PASSWORD=turnloop" -e "MYSQL_ROOT_PASSWORD=turnloop-root" -e GITHUB_ACTIONS=true -e CI=true mysql:9.6.0
e3ca448c22d9567ff3a651a401deb042ffe188de817f51e2b4fb30dfd7795780
##[command]/usr/bin/docker start e3ca448c22d9567ff3a651a401deb042ffe188de817f51e2b4fb30dfd7795780
e3ca448c22d9567ff3a651a401deb042ffe188de817f51e2b4fb30dfd7795780
##[command]/usr/bin/docker ps --all --filter id=e3ca448c22d9567ff3a651a401deb042ffe188de817f51e2b4fb30dfd7795780 --filter status=running --no-trunc --format "{{.ID}} {{.Status}}"
e3ca448c22d9567ff3a651a401deb042ffe188de817f51e2b4fb30dfd7795780 Up Less than a second (health: starting)
##[command]/usr/bin/docker port e3ca448c22d9567ff3a651a401deb042ffe188de817f51e2b4fb30dfd7795780
3306/tcp -> 0.0.0.0:3306
3306/tcp -> [::]:3306
##[endgroup]
##[group]Waiting for all services to be ready
##[command]/usr/bin/docker inspect --format="{{if .Config.Healthcheck}}{{print .State.Health.Status}}{{end}}" f8285a8a9720cf4b6192320a7efbdc82b0ac7e901f0cd569453266f42636c212
healthy
postgres service is healthy.
##[command]/usr/bin/docker inspect --format="{{if .Config.Healthcheck}}{{print .State.Health.Status}}{{end}}" e3ca448c22d9567ff3a651a401deb042ffe188de817f51e2b4fb30dfd7795780
starting
mysql service is starting, waiting 2 seconds before checking again.
##[command]/usr/bin/docker inspect --format="{{if .Config.Healthcheck}}{{print .State.Health.Status}}{{end}}" e3ca448c22d9567ff3a651a401deb042ffe188de817f51e2b4fb30dfd7795780
starting
mysql service is starting, waiting 4 seconds before checking again.
##[command]/usr/bin/docker inspect --format="{{if .Config.Healthcheck}}{{print .State.Health.Status}}{{end}}" e3ca448c22d9567ff3a651a401deb042ffe188de817f51e2b4fb30dfd7795780
starting
mysql service is starting, waiting 8 seconds before checking again.
##[command]/usr/bin/docker inspect --format="{{if .Config.Healthcheck}}{{print .State.Health.Status}}{{end}}" e3ca448c22d9567ff3a651a401deb042ffe188de817f51e2b4fb30dfd7795780
healthy
mysql service is healthy.
##[endgroup]
##[group]Run actions/checkout@3d3c42e5aac5ba805825da76410c181273ba90b1
with:
  persist-credentials: false
  repository: PerryTS/turnloop
  token: ***
  ssh-strict: true
  ssh-user: git
  clean: true
  sparse-checkout-cone-mode: true
  fetch-depth: 1
  fetch-tags: false
  show-progress: true
  lfs: false
  submodules: false
  set-safe-directory: true
  allow-unsafe-pr-checkout: false
env:
  CARGO_TERM_COLOR: always
  RUST_BACKTRACE: 1
##[endgroup]
Syncing repository: PerryTS/turnloop
##[group]Getting Git version info
Working directory is '/home/runner/work/turnloop/turnloop'
[command]/usr/bin/git version
git version 2.55.0
##[endgroup]
Temporarily overriding HOME='/home/runner/work/_temp/24277a2b-0fdd-4a1e-92b9-3c0fe3a40a5e' before making global git config changes
Adding repository directory to the temporary git global config as a safe directory
[command]/usr/bin/git config --global --add safe.directory /home/runner/work/turnloop/turnloop
Deleting the contents of '/home/runner/work/turnloop/turnloop'
##[group]Determining repository object format
##[endgroup]
##[group]Initializing the repository
[command]/usr/bin/git init /home/runner/work/turnloop/turnloop
hint: Using 'master' as the name for the initial branch. This default branch name
hint: will change to "main" in Git 3.0. To configure the initial branch name
hint: to use in all of your new repositories, which will suppress this warning,
hint: call:
hint:
hint: 	git config --global init.defaultBranch <name>
hint:
hint: Names commonly chosen instead of 'master' are 'main', 'trunk' and
hint: 'development'. The just-created branch can be renamed via this command:
hint:
hint: 	git branch -m <name>
hint:
hint: Disable this message with "git config set advice.defaultBranchName false"
Initialized empty Git repository in /home/runner/work/turnloop/turnloop/.git/
[command]/usr/bin/git remote add origin https://github.com/PerryTS/turnloop
##[endgroup]
##[group]Disabling automatic garbage collection
[command]/usr/bin/git config --local gc.auto 0
##[endgroup]
##[group]Setting up auth
Removing SSH command configuration
[command]/usr/bin/git config --local --name-only --get-regexp core\.sshCommand
[command]/usr/bin/git submodule foreach --recursive sh -c "git config --local --name-only --get-regexp 'core\.sshCommand' && git config --local --unset-all 'core.sshCommand' || :"
Removing HTTP extra header
[command]/usr/bin/git config --local --name-only --get-regexp http\.https\:\/\/github\.com\/\.extraheader
[command]/usr/bin/git submodule foreach --recursive sh -c "git config --local --name-only --get-regexp 'http\.https\:\/\/github\.com\/\.extraheader' && git config --local --unset-all 'http.https://github.com/.extraheader' || :"
Removing includeIf entries pointing to credentials config files
[command]/usr/bin/git config --local --name-only --get-regexp ^includeIf\.gitdir:
[command]/usr/bin/git submodule foreach --recursive git config --local --show-origin --name-only --get-regexp remote.origin.url
[command]/usr/bin/git config --file /home/runner/work/_temp/git-credentials-ca35fed7-74fd-4765-a02b-7dc364ddfa77.config http.https://github.com/.extraheader AUTHORIZATION: basic ***
[command]/usr/bin/git config --local includeIf.gitdir:/home/runner/work/turnloop/turnloop/.git.path /home/runner/work/_temp/git-credentials-ca35fed7-74fd-4765-a02b-7dc364ddfa77.config
[command]/usr/bin/git config --local includeIf.gitdir:/home/runner/work/turnloop/turnloop/.git/worktrees/*.path /home/runner/work/_temp/git-credentials-ca35fed7-74fd-4765-a02b-7dc364ddfa77.config
[command]/usr/bin/git config --local includeIf.gitdir:/github/workspace/.git.path /github/runner_temp/git-credentials-ca35fed7-74fd-4765-a02b-7dc364ddfa77.config
[command]/usr/bin/git config --local includeIf.gitdir:/github/workspace/.git/worktrees/*.path /github/runner_temp/git-credentials-ca35fed7-74fd-4765-a02b-7dc364ddfa77.config
##[endgroup]
##[group]Fetching the repository
[command]/usr/bin/git -c protocol.version=2 fetch --no-tags --prune --no-recurse-submodules --depth=1 origin +7be1f5d12db02f162c39fd9d6b94643ebe0e0a41:refs/remotes/origin/main
From https://github.com/PerryTS/turnloop
 * [new ref]         7be1f5d12db02f162c39fd9d6b94643ebe0e0a41 -> origin/main
[command]/usr/bin/git branch --list --remote origin/main
  origin/main
[command]/usr/bin/git rev-parse refs/remotes/origin/main
7be1f5d12db02f162c39fd9d6b94643ebe0e0a41
##[endgroup]
##[group]Determining the checkout info
##[endgroup]
[command]/usr/bin/git sparse-checkout disable
[command]/usr/bin/git config --local --unset-all extensions.worktreeConfig
##[group]Checking out the ref
[command]/usr/bin/git checkout --progress --force -B main refs/remotes/origin/main
Switched to a new branch 'main'
branch 'main' set up to track 'origin/main'.
##[endgroup]
[command]/usr/bin/git log -1 --format=%H
7be1f5d12db02f162c39fd9d6b94643ebe0e0a41
##[group]Removing auth
Removing SSH command configuration
[command]/usr/bin/git config --local --name-only --get-regexp core\.sshCommand
[command]/usr/bin/git submodule foreach --recursive sh -c "git config --local --name-only --get-regexp 'core\.sshCommand' && git config --local --unset-all 'core.sshCommand' || :"
Removing HTTP extra header
[command]/usr/bin/git config --local --name-only --get-regexp http\.https\:\/\/github\.com\/\.extraheader
[command]/usr/bin/git submodule foreach --recursive sh -c "git config --local --name-only --get-regexp 'http\.https\:\/\/github\.com\/\.extraheader' && git config --local --unset-all 'http.https://github.com/.extraheader' || :"
Removing includeIf entries pointing to credentials config files
[command]/usr/bin/git config --local --name-only --get-regexp ^includeIf\.gitdir:
includeif.gitdir:/home/runner/work/turnloop/turnloop/.git.path
includeif.gitdir:/home/runner/work/turnloop/turnloop/.git/worktrees/*.path
includeif.gitdir:/github/workspace/.git.path
includeif.gitdir:/github/workspace/.git/worktrees/*.path
[command]/usr/bin/git config --local --get-all includeif.gitdir:/home/runner/work/turnloop/turnloop/.git.path
/home/runner/work/_temp/git-credentials-ca35fed7-74fd-4765-a02b-7dc364ddfa77.config
[command]/usr/bin/git config --local --unset includeif.gitdir:/home/runner/work/turnloop/turnloop/.git.path \/home\/runner\/work\/_temp\/git\-credentials\-ca35fed7\-74fd\-4765\-a02b\-7dc364ddfa77\.config
[command]/usr/bin/git config --local --get-all includeif.gitdir:/home/runner/work/turnloop/turnloop/.git/worktrees/*.path
/home/runner/work/_temp/git-credentials-ca35fed7-74fd-4765-a02b-7dc364ddfa77.config
[command]/usr/bin/git config --local --unset includeif.gitdir:/home/runner/work/turnloop/turnloop/.git/worktrees/*.path \/home\/runner\/work\/_temp\/git\-credentials\-ca35fed7\-74fd\-4765\-a02b\-7dc364ddfa77\.config
[command]/usr/bin/git config --local --get-all includeif.gitdir:/github/workspace/.git.path
/github/runner_temp/git-credentials-ca35fed7-74fd-4765-a02b-7dc364ddfa77.config
[command]/usr/bin/git config --local --unset includeif.gitdir:/github/workspace/.git.path \/github\/runner_temp\/git\-credentials\-ca35fed7\-74fd\-4765\-a02b\-7dc364ddfa77\.config
[command]/usr/bin/git config --local --get-all includeif.gitdir:/github/workspace/.git/worktrees/*.path
/github/runner_temp/git-credentials-ca35fed7-74fd-4765-a02b-7dc364ddfa77.config
[command]/usr/bin/git config --local --unset includeif.gitdir:/github/workspace/.git/worktrees/*.path \/github\/runner_temp\/git\-credentials\-ca35fed7\-74fd\-4765\-a02b\-7dc364ddfa77\.config
[command]/usr/bin/git submodule foreach --recursive git config --local --show-origin --name-only --get-regexp remote.origin.url
Removing credentials config '/home/runner/work/_temp/git-credentials-ca35fed7-74fd-4765-a02b-7dc364ddfa77.config'
##[endgroup]
##[group]Run actions/setup-python@5fda3b95a4ea91299a34e894583c3862153e4b97
with:
  python-version: 3.14
  check-latest: false
  token: ***
  update-environment: true
  allow-prereleases: false
  freethreaded: false
env:
  CARGO_TERM_COLOR: always
  RUST_BACKTRACE: 1
##[endgroup]
##[group]Installed versions
Successfully set up CPython (3.14.7)
##[endgroup]
##[group]Run rustup toolchain install nightly-2026-08-20 --profile minimal --component rustfmt,clippy
rustup toolchain install nightly-2026-08-20 --profile minimal --component rustfmt,clippy
shell: /usr/bin/bash --noprofile --norc -e -o pipefail {0}
env:
  CARGO_TERM_COLOR: always
  RUST_BACKTRACE: 1
  pythonLocation: /opt/hostedtoolcache/Python/3.14.7/x64
  PKG_CONFIG_PATH: /opt/hostedtoolcache/Python/3.14.7/x64/lib/pkgconfig
  Python_ROOT_DIR: /opt/hostedtoolcache/Python/3.14.7/x64
  Python2_ROOT_DIR: /opt/hostedtoolcache/Python/3.14.7/x64
  Python3_ROOT_DIR: /opt/hostedtoolcache/Python/3.14.7/x64
  LD_LIBRARY_PATH: /opt/hostedtoolcache/Python/3.14.7/x64/lib
##[endgroup]
info: syncing channel updates for nightly-2026-08-20-x86_64-unknown-linux-gnu
info: latest update on 2026-08-20 for version 1.100.0-nightly (f7d782a3b 2026-08-19)
info: downloading 5 components

  nightly-2026-08-20-x86_64-unknown-linux-gnu installed - rustc 1.100.0-nightly (f7d782a3b 2026-08-19)

##[group]Run sudo apt-get update
sudo apt-get update
sudo --preserve-env=DEBIAN_FRONTEND apt-get install --yes postfix build-essential libssl-dev pkg-config
shell: /usr/bin/bash --noprofile --norc -e -o pipefail {0}
env:
  CARGO_TERM_COLOR: always
  RUST_BACKTRACE: 1
  pythonLocation: /opt/hostedtoolcache/Python/3.14.7/x64
  PKG_CONFIG_PATH: /opt/hostedtoolcache/Python/3.14.7/x64/lib/pkgconfig
  Python_ROOT_DIR: /opt/hostedtoolcache/Python/3.14.7/x64
  Python2_ROOT_DIR: /opt/hostedtoolcache/Python/3.14.7/x64
  Python3_ROOT_DIR: /opt/hostedtoolcache/Python/3.14.7/x64
  LD_LIBRARY_PATH: /opt/hostedtoolcache/Python/3.14.7/x64/lib
  DEBIAN_FRONTEND: noninteractive
##[endgroup]
Get:1 file:/etc/apt/apt-mirrors.txt Mirrorlist [144 B]
Hit:2 http://azure.archive.ubuntu.com/ubuntu noble InRelease
Get:3 http://azure.archive.ubuntu.com/ubuntu noble-updates InRelease [126 kB]
Get:6 https://packages.microsoft.com/ubuntu/24.04/prod noble InRelease [3600 B]
Get:4 http://azure.archive.ubuntu.com/ubuntu noble-backports InRelease [126 kB]
Get:5 http://azure.archive.ubuntu.com/ubuntu noble-security InRelease [126 kB]
Get:7 https://dl.google.com/linux/chrome-stable/deb stable InRelease [2548 B]
Get:8 http://azure.archive.ubuntu.com/ubuntu noble-updates/main amd64 Packages [1263 kB]
Get:9 http://azure.archive.ubuntu.com/ubuntu noble-updates/main Translation-en [292 kB]
Get:10 http://azure.archive.ubuntu.com/ubuntu noble-updates/main amd64 Components [181 kB]
Get:11 http://azure.archive.ubuntu.com/ubuntu noble-updates/universe amd64 Packages [1691 kB]
Get:12 http://azure.archive.ubuntu.com/ubuntu noble-updates/universe Translation-en [339 kB]
Get:13 http://azure.archive.ubuntu.com/ubuntu noble-updates/universe amd64 Components [388 kB]
Get:14 http://azure.archive.ubuntu.com/ubuntu noble-updates/restricted amd64 Packages [1544 kB]
Get:15 http://azure.archive.ubuntu.com/ubuntu noble-updates/restricted Translation-en [354 kB]
Get:17 https://packages.microsoft.com/ubuntu/24.04/prod noble/main arm64 Packages [415 kB]
Get:16 http://azure.archive.ubuntu.com/ubuntu noble-updates/multiverse amd64 Components [940 B]
Get:18 https://packages.microsoft.com/ubuntu/24.04/prod noble/main amd64 Packages [464 kB]
Get:19 http://azure.archive.ubuntu.com/ubuntu noble-backports/main amd64 Components [5772 B]
Get:20 http://azure.archive.ubuntu.com/ubuntu noble-backports/universe amd64 Components [12.6 kB]
Get:21 https://dl.google.com/linux/chrome-stable/deb stable/main amd64 Packages [1410 B]
Get:22 http://azure.archive.ubuntu.com/ubuntu noble-security/main amd64 Packages [1007 kB]
Get:23 http://azure.archive.ubuntu.com/ubuntu noble-security/main Translation-en [213 kB]
Get:24 http://azure.archive.ubuntu.com/ubuntu noble-security/main amd64 Components [46.4 kB]
Get:25 http://azure.archive.ubuntu.com/ubuntu noble-security/universe amd64 Packages [1207 kB]
Get:26 http://azure.archive.ubuntu.com/ubuntu noble-security/universe Translation-en [242 kB]
Get:27 http://azure.archive.ubuntu.com/ubuntu noble-security/universe amd64 Components [76.3 kB]
Get:28 http://azure.archive.ubuntu.com/ubuntu noble-security/restricted amd64 Packages [1445 kB]
Get:29 http://azure.archive.ubuntu.com/ubuntu noble-security/restricted Translation-en [336 kB]
Fetched 11.9 MB in 1s (9201 kB/s)
Reading package lists...
Reading package lists...
Building dependency tree...
Reading state information...
libssl-dev is already the newest version (3.0.13-0ubuntu3.15).
pkg-config is already the newest version (1.8.1-2build1).
The following additional packages will be installed:
  libnsl2
Suggested packages:
  mail-reader postfix-cdb postfix-doc postfix-ldap postfix-lmdb
  postfix-mta-sts-resolver postfix-mysql postfix-pcre postfix-pgsql
  postfix-sqlite procmail sasl2-bin | dovecot-common
The following NEW packages will be installed:
  build-essential libnsl2 postfix
0 upgraded, 3 newly installed, 0 to remove and 52 not upgraded.
Need to get 1301 kB of archives.
After this operation, 4339 kB of additional disk space will be used.
Get:1 file:/etc/apt/apt-mirrors.txt Mirrorlist [144 B]
Get:2 http://azure.archive.ubuntu.com/ubuntu noble/main amd64 libnsl2 amd64 1.3.0-3build3 [41.4 kB]
Get:3 http://azure.archive.ubuntu.com/ubuntu noble-updates/main amd64 postfix amd64 3.8.6-1ubuntu0.1 [1255 kB]
Get:4 http://azure.archive.ubuntu.com/ubuntu noble/main amd64 build-essential amd64 12.10ubuntu1 [4928 B]
Preconfiguring packages ...
Fetched 1301 kB in 0s (21.8 MB/s)
Selecting previously unselected package libnsl2:amd64.
(Reading database ... 
(Reading database ... 5%
(Reading database ... 10%
(Reading database ... 15%
(Reading database ... 20%
(Reading database ... 25%
(Reading database ... 30%
(Reading database ... 35%
(Reading database ... 40%
(Reading database ... 45%
(Reading database ... 50%
(Reading database ... 55%
(Reading database ... 60%
(Reading database ... 65%
(Reading database ... 70%
(Reading database ... 75%
(Reading database ... 80%
(Reading database ... 85%
(Reading database ... 90%
(Reading database ... 95%
(Reading database ... 100%
(Reading database ... 201818 files and directories currently installed.)
Preparing to unpack .../libnsl2_1.3.0-3build3_amd64.deb ...
Unpacking libnsl2:amd64 (1.3.0-3build3) ...
Selecting previously unselected package postfix.
Preparing to unpack .../postfix_3.8.6-1ubuntu0.1_amd64.deb ...
Unpacking postfix (3.8.6-1ubuntu0.1) ...
Selecting previously unselected package build-essential.
Preparing to unpack .../build-essential_12.10ubuntu1_amd64.deb ...
Unpacking build-essential (12.10ubuntu1) ...
Setting up libnsl2:amd64 (1.3.0-3build3) ...
Setting up build-essential (12.10ubuntu1) ...
Setting up postfix (3.8.6-1ubuntu0.1) ...
info: Selecting GID from range 100 to 999 ...
info: Adding group `postfix' (GID 119) ...
info: Selecting UID from range 100 to 999 ...

info: Adding system user `postfix' (UID 113) ...
info: Adding new user `postfix' (UID 113) with group `postfix' ...
info: Not creating home directory `/var/spool/postfix'.
Creating /etc/postfix/dynamicmaps.cf
info: Selecting GID from range 100 to 999 ...
info: Adding group `postdrop' (GID 120) ...
setting myhostname: runnervmlun5p.pwya5t4qgetepj5r25kpn4i1qa.bx.internal.cloudapp.net
setting alias maps
setting alias database
changing /etc/mailname to runnervmlun5p.pwya5t4qgetepj5r25kpn4i1qa.bx.internal.cloudapp.net
setting myorigin
setting destinations: $myhostname, runnervmlun5p.pwya5t4qgetepj5r25kpn4i1qa.bx.internal.cloudapp.net, localhost.pwya5t4qgetepj5r25kpn4i1qa.bx.internal.cloudapp.net, , localhost
setting relayhost: 
setting mynetworks: 127.0.0.0/8 [::ffff:127.0.0.0]/104 [::1]/128
setting mailbox_size_limit: 0
setting recipient_delimiter: +
setting inet_interfaces: all
setting inet_protocols: all
/etc/aliases does not exist, creating it.
WARNING: /etc/aliases exists, but does not have a root alias.

Postfix (main.cf) is now set up with a default configuration.  If you need to 
make changes, edit /etc/postfix/main.cf (and others) as needed.  To view 
Postfix configuration values, see postconf(1).

After modifying main.cf, be sure to run 'systemctl reload postfix'.

Running newaliases
Created symlink /etc/systemd/system/multi-user.target.wants/postfix.service → /usr/lib/systemd/system/postfix.service.

Processing triggers for rsyslog (8.2312.0-3ubuntu9.3) ...
Processing triggers for ufw (0.36.2-6) ...
Processing triggers for man-db (2.12.0-4build2) ...
Not building database; man-db/auto-update is not 'true'.
Processing triggers for libc-bin (2.39-0ubuntu8.8) ...

Running kernel seems to be up-to-date.

No services need to be restarted.

No containers need to be restarted.

No user sessions are running outdated binaries.

No VM guests are running outdated hypervisor (qemu) binaries on this host.
##[group]Run actions/cache@55cc8345863c7cc4c66a329aec7e433d2d1c52a9
with:
  path: .tools/redis-build
  key: redis-tls-ubuntu-24.04-X64-4dda1ad5319bf4c0132155f381333537c071dc8cefe3103635b32568476670e6
  enableCrossOsArchive: false
  fail-on-cache-miss: false
  lookup-only: false
  save-always: false
env:
  CARGO_TERM_COLOR: always
  RUST_BACKTRACE: 1
  pythonLocation: /opt/hostedtoolcache/Python/3.14.7/x64
  PKG_CONFIG_PATH: /opt/hostedtoolcache/Python/3.14.7/x64/lib/pkgconfig
  Python_ROOT_DIR: /opt/hostedtoolcache/Python/3.14.7/x64
  Python2_ROOT_DIR: /opt/hostedtoolcache/Python/3.14.7/x64
  Python3_ROOT_DIR: /opt/hostedtoolcache/Python/3.14.7/x64
  LD_LIBRARY_PATH: /opt/hostedtoolcache/Python/3.14.7/x64/lib
##[endgroup]
Cache not found for input keys: redis-tls-ubuntu-24.04-X64-4dda1ad5319bf4c0132155f381333537c071dc8cefe3103635b32568476670e6
##[group]Run python3 scripts/ci/install-redis.py
python3 scripts/ci/install-redis.py
shell: /usr/bin/bash --noprofile --norc -e -o pipefail {0}
env:
  CARGO_TERM_COLOR: always
  RUST_BACKTRACE: 1
  pythonLocation: /opt/hostedtoolcache/Python/3.14.7/x64
  PKG_CONFIG_PATH: /opt/hostedtoolcache/Python/3.14.7/x64/lib/pkgconfig
  Python_ROOT_DIR: /opt/hostedtoolcache/Python/3.14.7/x64
  Python2_ROOT_DIR: /opt/hostedtoolcache/Python/3.14.7/x64
  Python3_ROOT_DIR: /opt/hostedtoolcache/Python/3.14.7/x64
  LD_LIBRARY_PATH: /opt/hostedtoolcache/Python/3.14.7/x64/lib
##[endgroup]
Verified Redis 8.4.0 source SHA-256: ca909aa15252f2ecb3a048cd086469827d636bf8334f50bb94d03fba4bfc56e8
make: Entering directory '/home/runner/work/turnloop/turnloop/.tools/redis-source-jwijp5t1/redis-8.4.0/src'
    CC Makefile.dep
rm -rf redis-server redis-sentinel redis-cli redis-benchmark redis-check-rdb redis-check-aof *.o *.gcda *.gcno *.gcov redis.info lcov-html Makefile.dep *.so
rm -f threads_mngr.d memory_prefetch.d adlist.d quicklist.d ae.d anet.d dict.d ebuckets.d eventnotifier.d iothread.d mstr.d kvstore.d fwtree.d estore.d server.d sds.d zmalloc.d lzf_c.d lzf_d.d pqsort.d zipmap.d sha1.d ziplist.d release.d networking.d util.d object.d db.d replication.d rdb.d t_string.d t_list.d t_set.d t_zset.d t_hash.d config.d aof.d pubsub.d multi.d debug.d sort.d intset.d syncio.d cluster.d cluster_asm.d cluster_legacy.d cluster_slot_stats.d crc16.d endianconv.d slowlog.d eval.d bio.d rio.d rand.d memtest.d syscheck.d crcspeed.d crccombine.d crc64.d bitops.d sentinel.d notify.d setproctitle.d blocked.d hyperloglog.d latency.d sparkline.d redis-check-rdb.d redis-check-aof.d geo.d lazyfree.d module.d evict.d expire.d geohash.d geohash_helper.d childinfo.d defrag.d siphash.d rax.d t_stream.d listpack.d localtime.d lolwut.d lolwut5.d lolwut6.d lolwut8.d acl.d tracking.d socket.d tls.d sha256.d timeout.d setcpuaffinity.d monotonic.d mt19937-64.d resp_parser.d call_reply.d script_lua.d script.d functions.d function_lua.d commands.d strl.d connection.d unix.d logreqres.d hnsw.d vset.d vset_config.d anet.d adlist.d dict.d redis-cli.d zmalloc.d release.d ae.d redisassert.d crcspeed.d crccombine.d crc64.d siphash.d crc16.d monotonic.d cli_common.d mt19937-64.d strl.d cli_commands.d ae.d anet.d redis-benchmark.d adlist.d dict.d zmalloc.d redisassert.d release.d crcspeed.d crccombine.d crc64.d siphash.d crc16.d monotonic.d cli_common.d mt19937-64.d strl.d
(cd ../tests/modules && make clean)
make[1]: Entering directory '/home/runner/work/turnloop/turnloop/.tools/redis-source-jwijp5t1/redis-8.4.0/tests/modules'
rm -f commandfilter.so basics.so testrdb.so fork.so infotest.so propagate.so misc.so hooks.so blockonkeys.so blockonbackground.so scan.so datatype.so datatype2.so auth.so keyspace_events.so blockedclient.so getkeys.so getchannels.so test_lazyfree.so timer.so defragtest.so keyspecs.so hash.so zset.so stream.so mallocsize.so aclcheck.so list.so subcommands.so reply.so cmdintrospection.so eventloop.so moduleconfigs.so moduleconfigstwo.so publish.so usercall.so postnotifications.so moduleauthtwo.so rdbloadsave.so crash.so internalsecret.so configaccess.so atomicslotmigration.so commandfilter.xo basics.xo testrdb.xo fork.xo infotest.xo propagate.xo misc.xo hooks.xo blockonkeys.xo blockonbackground.xo scan.xo datatype.xo datatype2.xo auth.xo keyspace_events.xo blockedclient.xo getkeys.xo getchannels.xo test_lazyfree.xo timer.xo defragtest.xo keyspecs.xo hash.xo zset.xo stream.xo mallocsize.xo aclcheck.xo list.xo subcommands.xo reply.xo cmdintrospection.xo eventloop.xo moduleconfigs.xo moduleconfigstwo.xo publish.xo usercall.xo postnotifications.xo moduleauthtwo.xo rdbloadsave.xo crash.xo internalsecret.xo configaccess.xo atomicslotmigration.xo
make[1]: Leaving directory '/home/runner/work/turnloop/turnloop/.tools/redis-source-jwijp5t1/redis-8.4.0/tests/modules'
(cd ../deps && make distclean)
make[1]: Entering directory '/home/runner/work/turnloop/turnloop/.tools/redis-source-jwijp5t1/redis-8.4.0/deps'
(cd hiredis && make clean) > /dev/null || true
(cd linenoise && make clean) > /dev/null || true
(cd lua && make clean) > /dev/null || true
(cd jemalloc && [ -f Makefile ] && make distclean) > /dev/null || true
(cd hdr_histogram && make clean) > /dev/null || true
(cd fpconv && make clean) > /dev/null || true
(cd fast_float && make clean) > /dev/null || true
(cd xxhash && make clean) > /dev/null || true
make[3]: *** tests: No such file or directory.  Stop.
make[2]: *** [Makefile:189: clean] Error 2
(rm -f .make-*)
make[1]: Leaving directory '/home/runner/work/turnloop/turnloop/.tools/redis-source-jwijp5t1/redis-8.4.0/deps'
(cd modules && make clean)
make[1]: Entering directory '/home/runner/work/turnloop/turnloop/.tools/redis-source-jwijp5t1/redis-8.4.0/src/modules'
rm -rf *.xo *.so
make[1]: Leaving directory '/home/runner/work/turnloop/turnloop/.tools/redis-source-jwijp5t1/redis-8.4.0/src/modules'
(cd ../tests/modules && make clean)
make[1]: Entering directory '/home/runner/work/turnloop/turnloop/.tools/redis-source-jwijp5t1/redis-8.4.0/tests/modules'
rm -f commandfilter.so basics.so testrdb.so fork.so infotest.so propagate.so misc.so hooks.so blockonkeys.so blockonbackground.so scan.so datatype.so datatype2.so auth.so keyspace_events.so blockedclient.so getkeys.so getchannels.so test_lazyfree.so timer.so defragtest.so keyspecs.so hash.so zset.so stream.so mallocsize.so aclcheck.so list.so subcommands.so reply.so cmdintrospection.so eventloop.so moduleconfigs.so moduleconfigstwo.so publish.so usercall.so postnotifications.so moduleauthtwo.so rdbloadsave.so crash.so internalsecret.so configaccess.so atomicslotmigration.so commandfilter.xo basics.xo testrdb.xo fork.xo infotest.xo propagate.xo misc.xo hooks.xo blockonkeys.xo blockonbackground.xo scan.xo datatype.xo datatype2.xo auth.xo keyspace_events.xo blockedclient.xo getkeys.xo getchannels.xo test_lazyfree.xo timer.xo defragtest.xo keyspecs.xo hash.xo zset.xo stream.xo mallocsize.xo aclcheck.xo list.xo subcommands.xo reply.xo cmdintrospection.xo eventloop.xo moduleconfigs.xo moduleconfigstwo.xo publish.xo usercall.xo postnotifications.xo moduleauthtwo.xo rdbloadsave.xo crash.xo internalsecret.xo configaccess.xo atomicslotmigration.xo
make[1]: Leaving directory '/home/runner/work/turnloop/turnloop/.tools/redis-source-jwijp5t1/redis-8.4.0/tests/modules'
(rm -f .make-*)
echo STD=-pedantic -DREDIS_STATIC='' -std=gnu11 >> .make-settings
echo WARN=-Wall -W -Wno-missing-field-initializers -Werror=deprecated-declarations -Wstrict-prototypes >> .make-settings
echo OPT=-O3 -flto=auto -fno-omit-frame-pointer >> .make-settings
echo MALLOC=libc >> .make-settings
echo BUILD_TLS=yes >> .make-settings
echo USE_SYSTEMD=no >> .make-settings
echo CFLAGS= >> .make-settings
echo LDFLAGS= >> .make-settings
echo REDIS_CFLAGS= >> .make-settings
echo REDIS_LDFLAGS= >> .make-settings
echo PREV_FINAL_CFLAGS=-pedantic -DREDIS_STATIC='' -std=gnu11 -Wall -W -Wno-missing-field-initializers -Werror=deprecated-declarations -Wstrict-prototypes -O3 -flto=auto -fno-omit-frame-pointer -g -ggdb   -I../deps/hiredis -I../deps/linenoise -I../deps/lua/src -I../deps/hdr_histogram -I../deps/fpconv -I../deps/fast_float -I../deps/xxhash -DUSE_OPENSSL=1  -DBUILD_TLS_MODULE=0 -DINCLUDE_VEC_SETS=1 >> .make-settings
echo PREV_FINAL_LDFLAGS= -O3 -flto=auto -fno-omit-frame-pointer  -g -ggdb -rdynamic  >> .make-settings
(cd ../deps && make hiredis linenoise lua hdr_histogram fpconv fast_float xxhash)
make[1]: Entering directory '/home/runner/work/turnloop/turnloop/.tools/redis-source-jwijp5t1/redis-8.4.0/deps'
(cd hiredis && make clean) > /dev/null || true
(cd linenoise && make clean) > /dev/null || true
(cd lua && make clean) > /dev/null || true
(cd jemalloc && [ -f Makefile ] && make distclean) > /dev/null || true
(cd hdr_histogram && make clean) > /dev/null || true
(cd fpconv && make clean) > /dev/null || true
(cd fast_float && make clean) > /dev/null || true
(cd xxhash && make clean) > /dev/null || true
make[3]: *** tests: No such file or directory.  Stop.
make[2]: *** [Makefile:189: clean] Error 2
(rm -f .make-*)
(echo "" > .make-cflags)
(echo "" > .make-ldflags)
MAKE hiredis
MAKE linenoise
cd hiredis && make static USE_SSL=1 HIREDIS_CFLAGS="" HIREDIS_LDFLAGS=""
MAKE lua
MAKE hdr_histogram
cd linenoise && make CFLAGS="" LDFLAGS=""
cd lua/src && make all CFLAGS="-Wall -DLUA_ANSI -DENABLE_CJSON_GLOBAL -DREDIS_STATIC='' -DLUA_USE_MKSTEMP  -O2 " MYLDFLAGS="" AR="ar rc"
cd hdr_histogram && make CFLAGS="" LDFLAGS=""
make[2]: Entering directory '/home/runner/work/turnloop/turnloop/.tools/redis-source-jwijp5t1/redis-8.4.0/deps/hiredis'
make[2]: Entering directory '/home/runner/work/turnloop/turnloop/.tools/redis-source-jwijp5t1/redis-8.4.0/deps/linenoise'
cc  -Wall -Os -g  -c linenoise.c
make[2]: Entering directory '/home/runner/work/turnloop/turnloop/.tools/redis-source-jwijp5t1/redis-8.4.0/deps/hdr_histogram'
cc -std=c99 -Wall -Os -g  -DHDR_MALLOC_INCLUDE=\"hdr_redis_malloc.h\" -c  hdr_histogram.c 
make[2]: Entering directory '/home/runner/work/turnloop/turnloop/.tools/redis-source-jwijp5t1/redis-8.4.0/deps/lua/src'
cc -Wall -DLUA_ANSI -DENABLE_CJSON_GLOBAL -DREDIS_STATIC='' -DLUA_USE_MKSTEMP  -O2    -c -o lapi.o lapi.c
cc -std=c99 -c -O3 -fPIC  -DHIREDIS_TEST_SSL -Wall -Wextra -Werror -Wstrict-prototypes -Wwrite-strings -Wno-missing-field-initializers -g -ggdb   -pedantic alloc.c
cc -std=c99 -c -O3 -fPIC  -DHIREDIS_TEST_SSL -Wall -Wextra -Werror -Wstrict-prototypes -Wwrite-strings -Wno-missing-field-initializers -g -ggdb   -pedantic net.c
ar rcs libhdrhistogram.a hdr_histogram.o
cc -std=c99 -c -O3 -fPIC  -DHIREDIS_TEST_SSL -Wall -Wextra -Werror -Wstrict-prototypes -Wwrite-strings -Wno-missing-field-initializers -g -ggdb   -pedantic hiredis.c
make[2]: Leaving directory '/home/runner/work/turnloop/turnloop/.tools/redis-source-jwijp5t1/redis-8.4.0/deps/linenoise'
cc -std=c99 -c -O3 -fPIC  -DHIREDIS_TEST_SSL -Wall -Wextra -Werror -Wstrict-prototypes -Wwrite-strings -Wno-missing-field-initializers -g -ggdb   -pedantic sds.c
cc -Wall -DLUA_ANSI -DENABLE_CJSON_GLOBAL -DREDIS_STATIC='' -DLUA_USE_MKSTEMP  -O2    -c -o lcode.o lcode.c
cc -std=c99 -c -O3 -fPIC  -DHIREDIS_TEST_SSL -Wall -Wextra -Werror -Wstrict-prototypes -Wwrite-strings -Wno-missing-field-initializers -g -ggdb   -pedantic async.c
cc -Wall -DLUA_ANSI -DENABLE_CJSON_GLOBAL -DREDIS_STATIC='' -DLUA_USE_MKSTEMP  -O2    -c -o ldebug.o ldebug.c
MAKE fpconv
cd fpconv && make CFLAGS="" LDFLAGS=""
make[2]: Entering directory '/home/runner/work/turnloop/turnloop/.tools/redis-source-jwijp5t1/redis-8.4.0/deps/fpconv'
cc  -Wall -Os -g  -c  fpconv_dtoa.c 
make[2]: Leaving directory '/home/runner/work/turnloop/turnloop/.tools/redis-source-jwijp5t1/redis-8.4.0/deps/hdr_histogram'
MAKE fast_float
cd fast_float && make libfast_float CFLAGS="" LDFLAGS=""
make[2]: Entering directory '/home/runner/work/turnloop/turnloop/.tools/redis-source-jwijp5t1/redis-8.4.0/deps/fast_float'
g++ -Wall -O3 -std=c++11 -DFASTFLOAT_ALLOWS_LEADING_PLUS  -c fast_float_strtod.cpp 
ar rcs libfpconv.a fpconv_dtoa.o
make[2]: Leaving directory '/home/runner/work/turnloop/turnloop/.tools/redis-source-jwijp5t1/redis-8.4.0/deps/fpconv'
MAKE xxhash
cd xxhash && make lib CFLAGS="-fPIC " LDFLAGS=""
make[2]: Entering directory '/home/runner/work/turnloop/turnloop/.tools/redis-source-jwijp5t1/redis-8.4.0/deps/xxhash'
cc -Wall -DLUA_ANSI -DENABLE_CJSON_GLOBAL -DREDIS_STATIC='' -DLUA_USE_MKSTEMP  -O2    -c -o ldo.o ldo.c
CC cachedObjs/8b127686fdf2437aa485539695352f98/xxhash.o
cc -std=c99 -c -O3 -fPIC  -DHIREDIS_TEST_SSL -Wall -Wextra -Werror -Wstrict-prototypes -Wwrite-strings -Wno-missing-field-initializers -g -ggdb   -pedantic read.c
CC cachedObjs/7ec56b87b019ae6787084253027bf7f8/xxhash.o
cc -Wall -DLUA_ANSI -DENABLE_CJSON_GLOBAL -DREDIS_STATIC='' -DLUA_USE_MKSTEMP  -O2    -c -o ldump.o ldump.c
cc -Wall -DLUA_ANSI -DENABLE_CJSON_GLOBAL -DREDIS_STATIC='' -DLUA_USE_MKSTEMP  -O2    -c -o lfunc.o lfunc.c
AR cachedObjs/8b127686fdf2437aa485539695352f98/libxxhash.a
cc -Wall -DLUA_ANSI -DENABLE_CJSON_GLOBAL -DREDIS_STATIC='' -DLUA_USE_MKSTEMP  -O2    -c -o lgc.o lgc.c
LD cachedObjs/7ec56b87b019ae6787084253027bf7f8/libxxhash.so.0.8.3
make[2]: Leaving directory '/home/runner/work/turnloop/turnloop/.tools/redis-source-jwijp5t1/redis-8.4.0/deps/xxhash'
cc -Wall -DLUA_ANSI -DENABLE_CJSON_GLOBAL -DREDIS_STATIC='' -DLUA_USE_MKSTEMP  -O2    -c -o llex.o llex.c
cc -std=c99 -c -O3 -fPIC  -DHIREDIS_TEST_SSL -Wall -Wextra -Werror -Wstrict-prototypes -Wwrite-strings -Wno-missing-field-initializers -g -ggdb   -pedantic sockcompat.c
cc -std=c99 -c -O3 -fPIC  -DHIREDIS_TEST_SSL -Wall -Wextra -Werror -Wstrict-prototypes -Wwrite-strings -Wno-missing-field-initializers -g -ggdb   -pedantic ssl.c
cc -Wall -DLUA_ANSI -DENABLE_CJSON_GLOBAL -DREDIS_STATIC='' -DLUA_USE_MKSTEMP  -O2    -c -o lmem.o lmem.c
cc -Wall -DLUA_ANSI -DENABLE_CJSON_GLOBAL -DREDIS_STATIC='' -DLUA_USE_MKSTEMP  -O2    -c -o lobject.o lobject.c
cc -Wall -DLUA_ANSI -DENABLE_CJSON_GLOBAL -DREDIS_STATIC='' -DLUA_USE_MKSTEMP  -O2    -c -o lopcodes.o lopcodes.c
cc -Wall -DLUA_ANSI -DENABLE_CJSON_GLOBAL -DREDIS_STATIC='' -DLUA_USE_MKSTEMP  -O2    -c -o lparser.o lparser.c
ar rcs libhiredis.a alloc.o net.o hiredis.o sds.o async.o read.o sockcompat.o
ar rcs libhiredis_ssl.a ssl.o
cc -Wall -DLUA_ANSI -DENABLE_CJSON_GLOBAL -DREDIS_STATIC='' -DLUA_USE_MKSTEMP  -O2    -c -o lstate.o lstate.c
make[2]: Leaving directory '/home/runner/work/turnloop/turnloop/.tools/redis-source-jwijp5t1/redis-8.4.0/deps/hiredis'
cc -Wall -DLUA_ANSI -DENABLE_CJSON_GLOBAL -DREDIS_STATIC='' -DLUA_USE_MKSTEMP  -O2    -c -o lstring.o lstring.c
cc -Wall -DLUA_ANSI -DENABLE_CJSON_GLOBAL -DREDIS_STATIC='' -DLUA_USE_MKSTEMP  -O2    -c -o ltable.o ltable.c
cc -Wall -DLUA_ANSI -DENABLE_CJSON_GLOBAL -DREDIS_STATIC='' -DLUA_USE_MKSTEMP  -O2    -c -o ltm.o ltm.c
cc -Wall -DLUA_ANSI -DENABLE_CJSON_GLOBAL -DREDIS_STATIC='' -DLUA_USE_MKSTEMP  -O2    -c -o lundump.o lundump.c
cc -Wall -DLUA_ANSI -DENABLE_CJSON_GLOBAL -DREDIS_STATIC='' -DLUA_USE_MKSTEMP  -O2    -c -o lvm.o lvm.c
cc -Wall -DLUA_ANSI -DENABLE_CJSON_GLOBAL -DREDIS_STATIC='' -DLUA_USE_MKSTEMP  -O2    -c -o lzio.o lzio.c
ar -r libfast_float.a fast_float_strtod.o
ar: creating libfast_float.a
cc -Wall -DLUA_ANSI -DENABLE_CJSON_GLOBAL -DREDIS_STATIC='' -DLUA_USE_MKSTEMP  -O2    -c -o strbuf.o strbuf.c
cc -Wall -DLUA_ANSI -DENABLE_CJSON_GLOBAL -DREDIS_STATIC='' -DLUA_USE_MKSTEMP  -O2    -c -o fpconv.o fpconv.c
make[2]: Leaving directory '/home/runner/work/turnloop/turnloop/.tools/redis-source-jwijp5t1/redis-8.4.0/deps/fast_float'
cc -Wall -DLUA_ANSI -DENABLE_CJSON_GLOBAL -DREDIS_STATIC='' -DLUA_USE_MKSTEMP  -O2    -c -o lauxlib.o lauxlib.c
cc -Wall -DLUA_ANSI -DENABLE_CJSON_GLOBAL -DREDIS_STATIC='' -DLUA_USE_MKSTEMP  -O2    -c -o lbaselib.o lbaselib.c
cc -Wall -DLUA_ANSI -DENABLE_CJSON_GLOBAL -DREDIS_STATIC='' -DLUA_USE_MKSTEMP  -O2    -c -o ldblib.o ldblib.c
cc -Wall -DLUA_ANSI -DENABLE_CJSON_GLOBAL -DREDIS_STATIC='' -DLUA_USE_MKSTEMP  -O2    -c -o liolib.o liolib.c
cc -Wall -DLUA_ANSI -DENABLE_CJSON_GLOBAL -DREDIS_STATIC='' -DLUA_USE_MKSTEMP  -O2    -c -o lmathlib.o lmathlib.c
cc -Wall -DLUA_ANSI -DENABLE_CJSON_GLOBAL -DREDIS_STATIC='' -DLUA_USE_MKSTEMP  -O2    -c -o loslib.o loslib.c
cc -Wall -DLUA_ANSI -DENABLE_CJSON_GLOBAL -DREDIS_STATIC='' -DLUA_USE_MKSTEMP  -O2    -c -o ltablib.o ltablib.c
cc -Wall -DLUA_ANSI -DENABLE_CJSON_GLOBAL -DREDIS_STATIC='' -DLUA_USE_MKSTEMP  -O2    -c -o lstrlib.o lstrlib.c
cc -Wall -DLUA_ANSI -DENABLE_CJSON_GLOBAL -DREDIS_STATIC='' -DLUA_USE_MKSTEMP  -O2    -c -o loadlib.o loadlib.c
cc -Wall -DLUA_ANSI -DENABLE_CJSON_GLOBAL -DREDIS_STATIC='' -DLUA_USE_MKSTEMP  -O2    -c -o linit.o linit.c
cc -Wall -DLUA_ANSI -DENABLE_CJSON_GLOBAL -DREDIS_STATIC='' -DLUA_USE_MKSTEMP  -O2    -c -o lua_cjson.o lua_cjson.c
cc -Wall -DLUA_ANSI -DENABLE_CJSON_GLOBAL -DREDIS_STATIC='' -DLUA_USE_MKSTEMP  -O2    -c -o lua_struct.o lua_struct.c
cc -Wall -DLUA_ANSI -DENABLE_CJSON_GLOBAL -DREDIS_STATIC='' -DLUA_USE_MKSTEMP  -O2    -c -o lua_cmsgpack.o lua_cmsgpack.c
cc -Wall -DLUA_ANSI -DENABLE_CJSON_GLOBAL -DREDIS_STATIC='' -DLUA_USE_MKSTEMP  -O2    -c -o lua_bit.o lua_bit.c
cc -Wall -DLUA_ANSI -DENABLE_CJSON_GLOBAL -DREDIS_STATIC='' -DLUA_USE_MKSTEMP  -O2    -c -o lua.o lua.c
cc -Wall -DLUA_ANSI -DENABLE_CJSON_GLOBAL -DREDIS_STATIC='' -DLUA_USE_MKSTEMP  -O2    -c -o luac.o luac.c
cc -Wall -DLUA_ANSI -DENABLE_CJSON_GLOBAL -DREDIS_STATIC='' -DLUA_USE_MKSTEMP  -O2    -c -o print.o print.c
ar rc liblua.a lapi.o lcode.o ldebug.o ldo.o ldump.o lfunc.o lgc.o llex.o lmem.o lobject.o lopcodes.o lparser.o lstate.o lstring.o ltable.o ltm.o lundump.o lvm.o lzio.o strbuf.o fpconv.o lauxlib.o lbaselib.o ldblib.o liolib.o lmathlib.o loslib.o ltablib.o lstrlib.o loadlib.o linit.o lua_cjson.o lua_struct.o lua_cmsgpack.o lua_bit.o	# DLL needs all object files
ranlib liblua.a
cc -o lua  lua.o liblua.a -lm 
cc -o luac  luac.o print.o liblua.a -lm 
make[2]: Leaving directory '/home/runner/work/turnloop/turnloop/.tools/redis-source-jwijp5t1/redis-8.4.0/deps/lua/src'
make[1]: Leaving directory '/home/runner/work/turnloop/turnloop/.tools/redis-source-jwijp5t1/redis-8.4.0/deps'
    CC threads_mngr.o
    CC memory_prefetch.o
    CC adlist.o
    CC quicklist.o
    CC ae.o
    CC anet.o
    CC dict.o
    CC ebuckets.o
    CC eventnotifier.o
    CC iothread.o
    CC mstr.o
    CC kvstore.o
    CC fwtree.o
    CC estore.o
    CC server.o
    CC sds.o
    CC zmalloc.o
    CC lzf_c.o
    CC lzf_d.o
    CC pqsort.o
    CC zipmap.o
    CC sha1.o
    CC ziplist.o
    CC release.o
    CC networking.o
    CC util.o
    CC object.o
    CC db.o
    CC replication.o
    CC rdb.o
    CC t_string.o
    CC t_list.o
    CC t_set.o
    CC t_zset.o
    CC t_hash.o
    CC config.o
    CC aof.o
    CC pubsub.o
    CC multi.o
    CC debug.o
    CC sort.o
    CC intset.o
    CC syncio.o
    CC cluster.o
    CC cluster_asm.o
    CC cluster_legacy.o
    CC cluster_slot_stats.o
    CC crc16.o
    CC endianconv.o
    CC slowlog.o
    CC eval.o
    CC bio.o
    CC rio.o
    CC rand.o
    CC memtest.o
    CC syscheck.o
    CC crcspeed.o
    CC crccombine.o
    CC crc64.o
    CC bitops.o
    CC sentinel.o
    CC notify.o
    CC setproctitle.o
    CC blocked.o
    CC hyperloglog.o
    CC latency.o
    CC sparkline.o
    CC redis-check-rdb.o
    CC redis-check-aof.o
    CC geo.o
    CC lazyfree.o
    CC module.o
    CC evict.o
    CC expire.o
    CC geohash.o
    CC geohash_helper.o
    CC childinfo.o
    CC defrag.o
    CC siphash.o
    CC rax.o
    CC t_stream.o
    CC listpack.o
    CC localtime.o
    CC lolwut.o
    CC lolwut5.o
    CC lolwut6.o
    CC lolwut8.o
    CC acl.o
    CC tracking.o
    CC socket.o
    CC tls.o
    CC sha256.o
    CC timeout.o
    CC setcpuaffinity.o
    CC monotonic.o
    CC mt19937-64.o
    CC resp_parser.o
    CC call_reply.o
    CC script_lua.o
    CC script.o
    CC functions.o
    CC function_lua.o
    CC commands.o
    CC strl.o
    CC connection.o
    CC unix.o
    CC logreqres.o
    CC hnsw.o
    CC vset.o
    CC vset_config.o
    CC redis-cli.o
    CC redisassert.o
    CC cli_common.o
    CC cli_commands.o
    LINK redis-server
    LINK redis-cli
make: Leaving directory '/home/runner/work/turnloop/turnloop/.tools/redis-source-jwijp5t1/redis-8.4.0/src'
Redis server v=8.4.0 sha=7be1f5d1:0 malloc=libc bits=64 build=96a86e4c9c16159a
redis-cli 8.4.0 (git:7be1f5d1)
Redis fixture binaries: /home/runner/work/turnloop/turnloop/.tools/redis-build/bin
##[group]Run docker pull mongo:8
docker pull mongo:8
shell: /usr/bin/bash --noprofile --norc -e -o pipefail {0}
env:
  CARGO_TERM_COLOR: always
  RUST_BACKTRACE: 1
  pythonLocation: /opt/hostedtoolcache/Python/3.14.7/x64
  PKG_CONFIG_PATH: /opt/hostedtoolcache/Python/3.14.7/x64/lib/pkgconfig
  Python_ROOT_DIR: /opt/hostedtoolcache/Python/3.14.7/x64
  Python2_ROOT_DIR: /opt/hostedtoolcache/Python/3.14.7/x64
  Python3_ROOT_DIR: /opt/hostedtoolcache/Python/3.14.7/x64
  LD_LIBRARY_PATH: /opt/hostedtoolcache/Python/3.14.7/x64/lib
##[endgroup]
8: Pulling from library/mongo
e51aee9c82ec: Pulling fs layer
22162ee7e0f4: Pulling fs layer
d4fa99b53d50: Pulling fs layer
eab9745ab22a: Pulling fs layer
2d28c396e819: Pulling fs layer
303aa69e7f65: Pulling fs layer
0f85889cc36d: Pulling fs layer
86f574a611a0: Pulling fs layer
303aa69e7f65: Waiting
0f85889cc36d: Waiting
86f574a611a0: Waiting
eab9745ab22a: Waiting
2d28c396e819: Waiting
22162ee7e0f4: Verifying Checksum
22162ee7e0f4: Download complete
d4fa99b53d50: Verifying Checksum
d4fa99b53d50: Download complete
eab9745ab22a: Verifying Checksum
eab9745ab22a: Download complete
2d28c396e819: Verifying Checksum
2d28c396e819: Download complete
303aa69e7f65: Verifying Checksum
303aa69e7f65: Download complete
86f574a611a0: Verifying Checksum
86f574a611a0: Download complete
e51aee9c82ec: Verifying Checksum
e51aee9c82ec: Download complete
0f85889cc36d: Verifying Checksum
0f85889cc36d: Download complete
e51aee9c82ec: Pull complete
22162ee7e0f4: Pull complete
d4fa99b53d50: Pull complete
eab9745ab22a: Pull complete
2d28c396e819: Pull complete
303aa69e7f65: Pull complete
0f85889cc36d: Pull complete
86f574a611a0: Pull complete
Digest: sha256:81a1c8842a09589fc8d5f285266f3340bf4abdf66700ba22988f14cc9b2b3118
Status: Downloaded newer image for mongo:8
docker.io/library/mongo:8
##[group]Run scripts/test-servers.py --ci-services run python3 scripts/ci/run-tests.py protocol
scripts/test-servers.py --ci-services run python3 scripts/ci/run-tests.py protocol
shell: /usr/bin/bash --noprofile --norc -e -o pipefail {0}
env:
  CARGO_TERM_COLOR: always
  RUST_BACKTRACE: 1
  pythonLocation: /opt/hostedtoolcache/Python/3.14.7/x64
  PKG_CONFIG_PATH: /opt/hostedtoolcache/Python/3.14.7/x64/lib/pkgconfig
  Python_ROOT_DIR: /opt/hostedtoolcache/Python/3.14.7/x64
  Python2_ROOT_DIR: /opt/hostedtoolcache/Python/3.14.7/x64
  Python3_ROOT_DIR: /opt/hostedtoolcache/Python/3.14.7/x64
  LD_LIBRARY_PATH: /opt/hostedtoolcache/Python/3.14.7/x64/lib
  POSTGRES_CONTAINER: f8285a8a9720cf4b6192320a7efbdc82b0ac7e901f0cd569453266f42636c212
  MYSQL_CONTAINER: e3ca448c22d9567ff3a651a401deb042ffe188de817f51e2b4fb30dfd7795780
##[endgroup]
DO
SET
ALTER ROLE
ALTER ROLE
ALTER ROLE
SET
ALTER ROLE
GRANT
ALTER SYSTEM
ALTER SYSTEM
ALTER SYSTEM
 pg_reload_conf 
----------------
 t
(1 row)

e3ca448c22d9567ff3a651a401deb042ffe188de817f51e2b4fb30dfd7795780
 ?column? 
----------
        1
(1 row)

1
1
>>> Performing hash slots allocation on 6 nodes...
Master[0] -> Slots 0 - 5460
Master[1] -> Slots 5461 - 10922
Master[2] -> Slots 10923 - 16383
Adding replica 127.0.0.1:37027 to 127.0.0.1:33872
Adding replica 127.0.0.1:41158 to 127.0.0.1:30920
Adding replica 127.0.0.1:42452 to 127.0.0.1:34416
>>> Trying to optimize slaves allocation for anti-affinity
[WARNING] Some slaves are in the same host as their master
M: f78a394eb2b606d59e1dc3e6bccc2953b22a3c49 127.0.0.1:33872
   slots:[0-5460] (5461 slots) master
M: f20702b12cb755d71b98ada7c7bbc971538c9ca7 127.0.0.1:30920
   slots:[5461-10922] (5462 slots) master
M: 0a83792420fa0cae8f2582371dc37aacf79f1789 127.0.0.1:34416
   slots:[10923-16383] (5461 slots) master
S: bae831e407f07a36fce84ffde6b5eda8c58c0ed8 127.0.0.1:42452
   replicates 0a83792420fa0cae8f2582371dc37aacf79f1789
S: 5f7de12c3fb554116e1c3e21cb6cbed7253afe14 127.0.0.1:37027
   replicates f78a394eb2b606d59e1dc3e6bccc2953b22a3c49
S: 2fd4a7902350adbd6e72f6336d79d967eeb150f7 127.0.0.1:41158
   replicates f20702b12cb755d71b98ada7c7bbc971538c9ca7
>>> Nodes configuration updated
>>> Assign a different config epoch to each node
>>> Sending CLUSTER MEET messages to join the cluster
Waiting for the cluster to join

>>> Performing Cluster Check (using node 127.0.0.1:33872)
M: f78a394eb2b606d59e1dc3e6bccc2953b22a3c49 127.0.0.1:33872
   slots:[0-5460] (5461 slots) master
   1 additional replica(s)
M: 0a83792420fa0cae8f2582371dc37aacf79f1789 127.0.0.1:34416
   slots:[10923-16383] (5461 slots) master
   1 additional replica(s)
S: 5f7de12c3fb554116e1c3e21cb6cbed7253afe14 127.0.0.1:37027
   slots: (0 slots) slave
   replicates f78a394eb2b606d59e1dc3e6bccc2953b22a3c49
S: bae831e407f07a36fce84ffde6b5eda8c58c0ed8 127.0.0.1:42452
   slots: (0 slots) slave
   replicates 0a83792420fa0cae8f2582371dc37aacf79f1789
M: f20702b12cb755d71b98ada7c7bbc971538c9ca7 127.0.0.1:30920
   slots:[5461-10922] (5462 slots) master
   1 additional replica(s)
S: 2fd4a7902350adbd6e72f6336d79d967eeb150f7 127.0.0.1:41158
   slots: (0 slots) slave
   replicates f20702b12cb755d71b98ada7c7bbc971538c9ca7
[OK] All nodes agree about slots configuration.
>>> Check for open slots...
>>> Check slots coverage...
[OK] All 16384 slots covered.
Private MongoDB ready: {"servers": [{"name": "standalone", "port": 41719, "pid": 7461}, {"name": "rs0", "port": 58733, "pid": 7578}, {"name": "rs1", "port": 47823, "pid": 7713}, {"name": "rs2", "port": 50813, "pid": 7847}, {"name": "tls", "port": 32849, "pid": 7981}]}
+ cargo +nightly-2026-08-20 metadata --format-version 1 --locked --manifest-path /home/runner/work/turnloop/turnloop/Cargo.toml --no-deps
+ cargo +nightly-2026-08-20 test --locked --manifest-path /home/runner/work/turnloop/turnloop/Cargo.toml -p turnloop-mongodb --test real_mongodb -- --include-ignored --test-threads=1 --nocapture
    Updating crates.io index
 Downloading crates ...
  Downloaded adler2 v2.0.1
  Downloaded cpufeatures v0.3.1
  Downloaded crypto-common v0.2.2
  Downloaded cc v1.4.5
  Downloaded wyz v0.5.1
  Downloaded bitvec v1.1.1
  Downloaded memchr v2.8.3
  Downloaded hex v0.4.3
  Downloaded sha2 v0.11.0
  Downloaded funty v2.0.0
  Downloaded num-conv v0.2.2
  Downloaded radium v0.7.0
  Downloaded ppv-lite86 v0.2.21
  Downloaded powerfmt v0.2.0
  Downloaded rand_chacha v0.9.0
  Downloaded getrandom v0.3.4
  Downloaded equivalent v1.0.2
  Downloaded serde_json v1.0.151
  Downloaded hashbrown v0.17.1
  Downloaded crc32fast v1.5.1
  Downloaded rustls-webpki v0.103.15
  Downloaded serde_core v1.0.229
  Downloaded unicode-bidi v0.3.18
  Downloaded ctutils v0.4.2
  Downloaded find-msvc-tools v0.1.12
  Downloaded subtle v2.6.1
  Downloaded cfg-if v1.0.4
  Downloaded untrusted v0.9.0
  Downloaded proc-macro2 v1.0.107
  Downloaded getrandom v0.4.3
  Downloaded pbkdf2 v0.13.0
  Downloaded tinyvec_macros v0.1.1
  Downloaded md-5 v0.11.0
  Downloaded hybrid-array v0.4.14
  Downloaded serde_bytes v0.11.19
  Downloaded serde_derive v1.0.229
  Downloaded stringprep v0.1.5
  Downloaded zmij v1.0.23
  Downloaded sha1 v0.11.0
  Downloaded block-buffer v0.12.1
  Downloaded version_check v0.9.5
  Downloaded digest v0.11.3
  Downloaded itoa v1.0.18
  Downloaded shlex v2.0.1
  Downloaded simd-adler32 v0.3.10
  Downloaded thiserror v2.0.20
  Downloaded thiserror-impl v2.0.20
  Downloaded rand_core v0.9.5
  Downloaded tap v1.0.1
  Downloaded time-core v0.1.9
  Downloaded time-macros v0.2.32
  Downloaded ahash v0.8.12
  Downloaded cmov v0.5.4
  Downloaded const-oid v0.10.2
  Downloaded hmac v0.13.0
  Downloaded once_cell v1.21.4
  Downloaded quote v1.0.47
  Downloaded rustls-pki-types v1.15.1
  Downloaded serde v1.0.229
  Downloaded simdutf8 v0.1.5
  Downloaded typenum v1.20.1
  Downloaded tinyvec v1.13.2
  Downloaded uuid v1.26.0
  Downloaded base64 v0.22.1
  Downloaded getrandom v0.2.17
  Downloaded flate2 v1.1.10
  Downloaded indexmap v2.14.2
  Downloaded unicode-properties v0.1.4
  Downloaded zeroize v1.9.0
  Downloaded deranged v0.5.8
  Downloaded unicode-ident v1.0.24
  Downloaded miniz_oxide v0.9.1
  Downloaded time v0.3.55
  Downloaded syn v3.0.5
  Downloaded zerocopy v0.8.56
  Downloaded rustls v0.23.45
  Downloaded rand v0.9.5
  Downloaded bson v3.1.0
  Downloaded libc v0.2.175
  Downloaded unicode-normalization v0.1.25
  Downloaded ring v0.17.14
   Compiling cfg-if v1.0.4
   Compiling libc v0.2.175
   Compiling typenum v1.20.1
   Compiling proc-macro2 v1.0.107
   Compiling unicode-ident v1.0.24
   Compiling quote v1.0.47
   Compiling zerocopy v0.8.56
   Compiling cmov v0.5.4
   Compiling getrandom v0.3.4
   Compiling serde_core v1.0.229
   Compiling ctutils v0.4.2
   Compiling hybrid-array v0.4.14
   Compiling shlex v2.0.1
   Compiling find-msvc-tools v0.1.12
   Compiling const-oid v0.10.2
   Compiling syn v3.0.5
   Compiling cc v1.4.5
   Compiling block-buffer v0.12.1
   Compiling crypto-common v0.2.2
   Compiling digest v0.11.3
   Compiling ring v0.17.14
   Compiling zmij v1.0.23
   Compiling radium v0.7.0
   Compiling getrandom v0.4.3
   Compiling version_check v0.9.5
   Compiling ahash v0.8.12
   Compiling rand_core v0.9.5
   Compiling tinyvec_macros v0.1.1
   Compiling serde_json v1.0.151
   Compiling once_cell v1.21.4
   Compiling thiserror v2.0.20
   Compiling num-conv v0.2.2
   Compiling serde v1.0.229
   Compiling tap v1.0.1
   Compiling time-core v0.1.9
   Compiling ppv-lite86 v0.2.21
   Compiling crc32fast v1.5.1
   Compiling time-macros v0.2.32
   Compiling wyz v0.5.1
   Compiling rand_chacha v0.9.0
   Compiling tinyvec v1.13.2
   Compiling thiserror-impl v2.0.20
   Compiling serde_derive v1.0.229
   Compiling getrandom v0.2.17
   Compiling equivalent v1.0.2
   Compiling deranged v0.5.8
   Compiling memchr v2.8.3
   Compiling zeroize v1.9.0
   Compiling simd-adler32 v0.3.10
   Compiling adler2 v2.0.1
   Compiling funty v2.0.0
   Compiling powerfmt v0.2.0
   Compiling hashbrown v0.17.1
   Compiling cpufeatures v0.3.1
   Compiling untrusted v0.9.0
   Compiling itoa v1.0.18
   Compiling indexmap v2.14.2
   Compiling bitvec v1.1.1
   Compiling time v0.3.55
   Compiling miniz_oxide v0.9.1
   Compiling rustls-pki-types v1.15.1
   Compiling uuid v1.26.0
   Compiling unicode-normalization v0.1.25
   Compiling rand v0.9.5
   Compiling serde_bytes v0.11.19
   Compiling hmac v0.13.0
   Compiling rustls v0.23.45
   Compiling unicode-bidi v0.3.18
   Compiling hex v0.4.3
   Compiling unicode-properties v0.1.4
   Compiling simdutf8 v0.1.5
   Compiling base64 v0.22.1
   Compiling pbkdf2 v0.13.0
   Compiling flate2 v1.1.10
   Compiling rustls-webpki v0.103.15
   Compiling bson v3.1.0
   Compiling stringprep v0.1.5
   Compiling sha2 v0.11.0
   Compiling sha1 v0.11.0
   Compiling md-5 v0.11.0
   Compiling subtle v2.6.1
   Compiling turnloop-mongodb v0.1.0 (/home/runner/work/turnloop/turnloop/protocols/turnloop-mongodb)
    Finished `test` profile [unoptimized + debuginfo] target(s) in 17.27s
     Running tests/real_mongodb.rs (target/debug/build/turnloop-mongodb/8fdc8f63bb3aab4a/out/real_mongodb-8fdc8f63bb3aab4a)

running 1 test
test real_standalone_replica_scram_tls ... Verified standalone, 3-member replica set, SCRAM SHA-1/SHA-256/default, TLS, zlib, CRUD, cursors, transactions, retry identity and change stream events
ok

test result: ok. 1 passed; 0 failed; 0 ignored; 0 measured; 0 filtered out; finished in 23.35s

PASS executed 1 tests
+ cargo +nightly-2026-08-20 test --locked --manifest-path /home/runner/work/turnloop/turnloop/Cargo.toml -p turnloop-mysql --test server -- --include-ignored --test-threads=1 --nocapture
 Downloading crates ...
  Downloaded bitflags v2.13.1
  Downloaded btoi v0.5.0
  Downloaded num-traits v0.2.19
  Downloaded byteorder v1.5.0
  Downloaded saturating v0.1.0
  Downloaded autocfg v1.5.1
  Downloaded num-integer v0.1.47
  Downloaded num-bigint v0.5.1
  Downloaded bytes v1.12.1
  Downloaded aho-corasick v1.1.5
  Downloaded regex v1.13.1
  Downloaded mysql_common v0.38.2
  Downloaded regex-syntax v0.8.11
  Downloaded regex-automata v0.4.18
   Compiling autocfg v1.5.1
   Compiling crc32fast v1.5.1
   Compiling digest v0.11.3
   Compiling aho-corasick v1.1.5
   Compiling regex-syntax v0.8.11
   Compiling getrandom v0.4.3
   Compiling num-traits v0.2.19
   Compiling mysql_common v0.38.2
   Compiling flate2 v1.1.10
   Compiling sha2 v0.11.0
   Compiling num-integer v0.1.47
   Compiling num-bigint v0.5.1
   Compiling regex-automata v0.4.18
   Compiling btoi v0.5.0
   Compiling sha1 v0.11.0
   Compiling uuid v1.26.0
   Compiling saturating v0.1.0
   Compiling bitflags v2.13.1
   Compiling byteorder v1.5.0
   Compiling bytes v1.12.1
   Compiling regex v1.13.1
   Compiling turnloop-mysql v0.1.0 (/home/runner/work/turnloop/turnloop/protocols/turnloop-mysql)
    Finished `test` profile [unoptimized + debuginfo] target(s) in 6.76s
     Running tests/server.rs (target/debug/build/turnloop-mysql/505502fc4b934d4f/out/server-505502fc4b934d4f)

running 3 tests
test auth_prepared_transactions_compression_and_infile ... ok
test common_column_types_and_binary_null_bitmap ... ok
test pool_reuses_real_session_and_closes_on_end ... ok

test result: ok. 3 passed; 0 failed; 0 ignored; 0 measured; 0 filtered out; finished in 0.11s

PASS executed 3 tests
+ cargo +nightly-2026-08-20 test --locked --manifest-path /home/runner/work/turnloop/turnloop/Cargo.toml -p turnloop-postgres --test server -- --include-ignored --test-threads=1 --nocapture
 Downloading crates ...
  Downloaded postgres-protocol v0.6.12
  Downloaded chacha20 v0.10.2
  Downloaded rand_core v0.10.1
  Downloaded fallible-iterator v0.2.0
  Downloaded rand v0.10.2
   Compiling getrandom v0.4.3
   Compiling rand_core v0.10.1
   Compiling fallible-iterator v0.2.0
   Compiling memchr v2.8.3
   Compiling chacha20 v0.10.2
   Compiling rand v0.10.2
   Compiling postgres-protocol v0.6.12
   Compiling turnloop-postgres v0.1.0 (/home/runner/work/turnloop/turnloop/protocols/turnloop-postgres)
    Finished `test` profile [unoptimized + debuginfo] target(s) in 1.54s
     Running tests/server.rs (target/debug/build/turnloop-postgres/37ec5c894373ff8b/out/server-37ec5c894373ff8b)

running 3 tests
test all_common_types_in_text_binary_and_arrays ... ok
test authentication_queries_pipeline_copy_cancel ... 
thread 'authentication_queries_pipeline_copy_cancel' (10704) panicked at protocols/turnloop-postgres/tests/server.rs:154:45:
unexpected close: Connection terminated unexpectedly
stack backtrace:
   0: __rustc::rust_begin_unwind
             at /rustc/f7d782a3be46d6bb4b9792fe69a61db389ba1769/library/std/src/panicking.rs:679:5
   1: core::panicking::panic_fmt
             at /rustc/f7d782a3be46d6bb4b9792fe69a61db389ba1769/library/core/src/panicking.rs:80:14
   2: <server::Driver>::step
             at ./tests/server.rs:154:45
   3: <server::Driver>::connect
             at ./tests/server.rs:57:15
   4: server::authentication_queries_pipeline_copy_cancel
             at ./tests/server.rs:289:24
   5: server::authentication_queries_pipeline_copy_cancel::{closure#0}
             at ./tests/server.rs:187:49
   6: <server::authentication_queries_pipeline_copy_cancel::{closure#0} as core::ops::function::FnOnce<()>>::call_once
             at /rustc/f7d782a3be46d6bb4b9792fe69a61db389ba1769/library/core/src/ops/function.rs:250:5
   7: <fn() -> core::result::Result<(), alloc::string::String> as core::ops::function::FnOnce<()>>::call_once
             at /rustc/f7d782a3be46d6bb4b9792fe69a61db389ba1769/library/core/src/ops/function.rs:250:5
note: Some details are omitted, run with `RUST_BACKTRACE=full` for a verbose backtrace.
FAILED
test pool_reuses_real_connection_and_explicit_idle_timeout ... ok

failures:

failures:
    authentication_queries_pipeline_copy_cancel

test result: FAILED. 2 passed; 1 failed; 0 ignored; 0 measured; 0 filtered out; finished in 0.43s

error: test failed, to rerun pass `-p turnloop-postgres --test server`
ERROR: Command '['cargo', '+nightly-2026-08-20', 'test', '--locked', '--manifest-path', '/home/runner/work/turnloop/turnloop/Cargo.toml', '-p', 'turnloop-postgres', '--test', 'server', '--', '--include-ignored', '--test-threads=1', '--nocapture']' returned non-zero exit status 101.
Private MongoDB servers stopped
##[error]Process completed with exit code 1.
##[group]Run scripts/test-servers.py --ci-services stop
scripts/test-servers.py --ci-services stop
shell: /usr/bin/bash --noprofile --norc -e -o pipefail {0}
env:
  CARGO_TERM_COLOR: always
  RUST_BACKTRACE: 1
  pythonLocation: /opt/hostedtoolcache/Python/3.14.7/x64
  PKG_CONFIG_PATH: /opt/hostedtoolcache/Python/3.14.7/x64/lib/pkgconfig
  Python_ROOT_DIR: /opt/hostedtoolcache/Python/3.14.7/x64
  Python2_ROOT_DIR: /opt/hostedtoolcache/Python/3.14.7/x64
  Python3_ROOT_DIR: /opt/hostedtoolcache/Python/3.14.7/x64
  LD_LIBRARY_PATH: /opt/hostedtoolcache/Python/3.14.7/x64/lib
##[endgroup]
##[group]Run actions/upload-artifact@043fb46d1a93c77aae656e7c1c64a875d1fc6a0a
with:
  name: protocol-server-logs
  path: .tools/**/*.log
  include-hidden-files: true
  if-no-files-found: ignore
  retention-days: 7
  compression-level: 6
  overwrite: false
  archive: true
env:
  CARGO_TERM_COLOR: always
  RUST_BACKTRACE: 1
  pythonLocation: /opt/hostedtoolcache/Python/3.14.7/x64
  PKG_CONFIG_PATH: /opt/hostedtoolcache/Python/3.14.7/x64/lib/pkgconfig
  Python_ROOT_DIR: /opt/hostedtoolcache/Python/3.14.7/x64
  Python2_ROOT_DIR: /opt/hostedtoolcache/Python/3.14.7/x64
  Python3_ROOT_DIR: /opt/hostedtoolcache/Python/3.14.7/x64
  LD_LIBRARY_PATH: /opt/hostedtoolcache/Python/3.14.7/x64/lib
##[endgroup]
##[error]EACCES: permission denied, scandir '/home/runner/work/turnloop/turnloop/.tools/mongodb/rs0/38787ec74101/_tmp'
Post job cleanup.
[command]/usr/bin/git version
git version 2.55.0
Temporarily overriding HOME='/home/runner/work/_temp/354d8639-cd7f-477f-9ce7-c8ac664aae57' before making global git config changes
Adding repository directory to the temporary git global config as a safe directory
[command]/usr/bin/git config --global --add safe.directory /home/runner/work/turnloop/turnloop
Removing SSH command configuration
[command]/usr/bin/git config --local --name-only --get-regexp core\.sshCommand
[command]/usr/bin/git submodule foreach --recursive sh -c "git config --local --name-only --get-regexp 'core\.sshCommand' && git config --local --unset-all 'core.sshCommand' || :"
Removing HTTP extra header
[command]/usr/bin/git config --local --name-only --get-regexp http\.https\:\/\/github\.com\/\.extraheader
[command]/usr/bin/git submodule foreach --recursive sh -c "git config --local --name-only --get-regexp 'http\.https\:\/\/github\.com\/\.extraheader' && git config --local --unset-all 'http.https://github.com/.extraheader' || :"
Removing includeIf entries pointing to credentials config files
[command]/usr/bin/git config --local --name-only --get-regexp ^includeIf\.gitdir:
[command]/usr/bin/git submodule foreach --recursive git config --local --show-origin --name-only --get-regexp remote.origin.url
Print service container logs: aa9249521a0a4fa0a86af41a58819dbf_postgres16_fb6644
##[command]/usr/bin/docker logs --details f8285a8a9720cf4b6192320a7efbdc82b0ac7e901f0cd569453266f42636c212
 The files belonging to this database system will be owned by user "postgres".
 initdb: warning: enabling "trust" authentication for local connections
 This user must also own the server process.
 
 The database cluster will be initialized with locale "en_US.utf8".
 The default database encoding has accordingly been set to "UTF8".
 The default text search configuration will be set to "english".
 
 Data page checksums are disabled.
 
 fixing permissions on existing directory /var/lib/postgresql/data ... ok
 creating subdirectories ... ok
 selecting dynamic shared memory implementation ... posix
 selecting default max_connections ... 100
 selecting default shared_buffers ... 128MB
 selecting default time zone ... Etc/UTC
 creating configuration files ... ok
 running bootstrap script ... ok
 performing post-bootstrap initialization ... ok
 syncing data to disk ... ok
 
 
 Success. You can now start the database server using:
 
     pg_ctl -D /var/lib/postgresql/data -l logfile start
 
 waiting for server to start....2026-09-14 17:01:11.829 UTC [48] LOG:  starting PostgreSQL 16.15 (Debian 16.15-1.pgdg13+2) on x86_64-pc-linux-gnu, compiled by gcc (Debian 14.2.0-19) 14.2.0, 64-bit
 2026-09-14 17:01:11.830 UTC [48] LOG:  listening on Unix socket "/var/run/postgresql/.s.PGSQL.5432"
 2026-09-14 17:01:11.835 UTC [51] LOG:  database system was shut down at 2026-09-14 17:01:11 UTC
 2026-09-14 17:01:11.839 UTC [48] LOG:  database system is ready to accept connections
  done
 server started
 CREATE DATABASE
 
 
 /usr/local/bin/docker-entrypoint.sh: ignoring /docker-entrypoint-initdb.d/*
 
 waiting for server to shut down...2026-09-14 17:01:12.068 UTC [48] LOG:  received fast shutdown request
 .2026-09-14 17:01:12.069 UTC [48] LOG:  aborting any active transactions
 2026-09-14 17:01:12.072 UTC [48] LOG:  background worker "logical replication launcher" (PID 54) exited with exit code 1
 2026-09-14 17:01:12.073 UTC [49] LOG:  shutting down
 2026-09-14 17:01:12.073 UTC [49] LOG:  checkpoint starting: shutdown immediate
 2026-09-14 17:01:12.097 UTC [49] LOG:  checkpoint complete: wrote 926 buffers (5.7%); 0 WAL file(s) added, 0 removed, 0 recycled; write=0.020 s, sync=0.003 s, total=0.025 s; sync files=301, longest=0.001 s, average=0.001 s; distance=4273 kB, estimate=4273 kB; lsn=0/191F0F0, redo lsn=0/191F0F0
 2026-09-14 17:01:12.106 UTC [48] LOG:  database system is shut down
  done
 server stopped
 
 PostgreSQL init process complete; ready for start up.
 
 initdb: hint: You can change this by editing pg_hba.conf or using the option -A, or --auth-local and --auth-host, the next time you run initdb.
 2026-09-14 17:01:12.195 UTC [1] LOG:  starting PostgreSQL 16.15 (Debian 16.15-1.pgdg13+2) on x86_64-pc-linux-gnu, compiled by gcc (Debian 14.2.0-19) 14.2.0, 64-bit
 2026-09-14 17:01:12.196 UTC [1] LOG:  listening on IPv4 address "0.0.0.0", port 5432
 2026-09-14 17:01:12.196 UTC [1] LOG:  listening on IPv6 address "::", port 5432
 2026-09-14 17:01:12.196 UTC [1] LOG:  listening on Unix socket "/var/run/postgresql/.s.PGSQL.5432"
 2026-09-14 17:01:12.200 UTC [64] LOG:  database system was shut down at 2026-09-14 17:01:12 UTC
 2026-09-14 17:01:12.207 UTC [1] LOG:  database system is ready to accept connections
 2026-09-14 17:02:49.645 UTC [1] LOG:  received SIGHUP, reloading configuration files
 2026-09-14 17:02:49.647 UTC [1] LOG:  parameter "ssl" changed to "on"
 2026-09-14 17:02:52.754 UTC [274] FATAL:  no pg_hba.conf entry for host "127.0.0.1", user "turnloop", database "turnloop", SSL encryption
 2026-09-14 17:02:52.756 UTC [275] FATAL:  no pg_hba.conf entry for host "127.0.0.1", user "turnloop", database "turnloop", no encryption
 2026-09-14 17:02:57.864 UTC [283] FATAL:  no pg_hba.conf entry for host "127.0.0.1", user "turnloop", database "turnloop", SSL encryption
 2026-09-14 17:02:57.868 UTC [284] FATAL:  no pg_hba.conf entry for host "127.0.0.1", user "turnloop", database "turnloop", no encryption
 2026-09-14 17:03:03.018 UTC [292] FATAL:  no pg_hba.conf entry for host "127.0.0.1", user "turnloop", database "turnloop", SSL encryption
 2026-09-14 17:03:03.020 UTC [293] FATAL:  no pg_hba.conf entry for host "127.0.0.1", user "turnloop", database "turnloop", no encryption
 2026-09-14 17:03:08.161 UTC [300] FATAL:  no pg_hba.conf entry for host "127.0.0.1", user "turnloop", database "turnloop", SSL encryption
 2026-09-14 17:03:08.164 UTC [301] FATAL:  no pg_hba.conf entry for host "127.0.0.1", user "turnloop", database "turnloop", no encryption
 2026-09-14 17:03:13.236 UTC [310] FATAL:  no pg_hba.conf entry for host "127.0.0.1", user "turnloop", database "turnloop", SSL encryption
 2026-09-14 17:03:13.239 UTC [311] FATAL:  no pg_hba.conf entry for host "127.0.0.1", user "turnloop", database "turnloop", no encryption
 2026-09-14 17:03:18.307 UTC [319] FATAL:  no pg_hba.conf entry for host "127.0.0.1", user "turnloop", database "turnloop", SSL encryption
 2026-09-14 17:03:18.308 UTC [320] FATAL:  no pg_hba.conf entry for host "127.0.0.1", user "turnloop", database "turnloop", no encryption
 2026-09-14 17:03:23.375 UTC [328] FATAL:  no pg_hba.conf entry for host "127.0.0.1", user "turnloop", database "turnloop", SSL encryption
 2026-09-14 17:03:23.378 UTC [329] FATAL:  no pg_hba.conf entry for host "127.0.0.1", user "turnloop", database "turnloop", no encryption
 2026-09-14 17:03:28.446 UTC [337] FATAL:  no pg_hba.conf entry for host "127.0.0.1", user "turnloop", database "turnloop", SSL encryption
 2026-09-14 17:03:28.447 UTC [338] FATAL:  no pg_hba.conf entry for host "127.0.0.1", user "turnloop", database "turnloop", no encryption
 2026-09-14 17:03:33.516 UTC [347] FATAL:  no pg_hba.conf entry for host "127.0.0.1", user "turnloop", database "turnloop", SSL encryption
 2026-09-14 17:03:33.518 UTC [348] FATAL:  no pg_hba.conf entry for host "127.0.0.1", user "turnloop", database "turnloop", no encryption
 2026-09-14 17:03:38.634 UTC [355] FATAL:  no pg_hba.conf entry for host "127.0.0.1", user "turnloop", database "turnloop", SSL encryption
 2026-09-14 17:03:38.636 UTC [356] FATAL:  no pg_hba.conf entry for host "127.0.0.1", user "turnloop", database "turnloop", no encryption
 2026-09-14 17:03:43.706 UTC [364] FATAL:  no pg_hba.conf entry for host "127.0.0.1", user "turnloop", database "turnloop", SSL encryption
 2026-09-14 17:03:43.708 UTC [365] FATAL:  no pg_hba.conf entry for host "127.0.0.1", user "turnloop", database "turnloop", no encryption
 2026-09-14 17:03:45.449 UTC [370] LOG:  could not receive data from client: Connection reset by peer
 2026-09-14 17:03:45.520 UTC [371] ERROR:  column "missing_column" does not exist at character 8
 2026-09-14 17:03:45.520 UTC [371] STATEMENT:  SELECT missing_column FROM items
 2026-09-14 17:03:45.521 UTC [371] ERROR:  division by zero
 2026-09-14 17:03:45.521 UTC [371] STATEMENT:  SELECT 1/0
 2026-09-14 17:03:45.523 UTC [372] FATAL:  role "postgres" does not exist
 2026-09-14 17:03:48.775 UTC [381] FATAL:  no pg_hba.conf entry for host "127.0.0.1", user "turnloop", database "turnloop", SSL encryption
 2026-09-14 17:03:48.776 UTC [382] FATAL:  no pg_hba.conf entry for host "127.0.0.1", user "turnloop", database "turnloop", no encryption
 2026-09-14 17:03:53.844 UTC [391] FATAL:  no pg_hba.conf entry for host "127.0.0.1", user "turnloop", database "turnloop", SSL encryption
 2026-09-14 17:03:53.845 UTC [392] FATAL:  no pg_hba.conf entry for host "127.0.0.1", user "turnloop", database "turnloop", no encryption
 2026-09-14 17:03:58.911 UTC [400] FATAL:  no pg_hba.conf entry for host "127.0.0.1", user "turnloop", database "turnloop", SSL encryption
 2026-09-14 17:03:58.912 UTC [401] FATAL:  no pg_hba.conf entry for host "127.0.0.1", user "turnloop", database "turnloop", no encryption
Stop and remove container: aa9249521a0a4fa0a86af41a58819dbf_postgres16_fb6644
##[command]/usr/bin/docker rm --force f8285a8a9720cf4b6192320a7efbdc82b0ac7e901f0cd569453266f42636c212
f8285a8a9720cf4b6192320a7efbdc82b0ac7e901f0cd569453266f42636c212
Print service container logs: 331ebefddd2649b0bc0333b511fa05c2_mysql960_22c55a
##[command]/usr/bin/docker logs --details e3ca448c22d9567ff3a651a401deb042ffe188de817f51e2b4fb30dfd7795780
 2026-09-14T17:01:24.627177Z 0 [System] [MY-015017] [Server] MySQL Server Initialization - start.
 2026-09-14T17:01:24.628435Z 0 [System] [MY-013169] [Server] /usr/sbin/mysqld (mysqld 9.6.0) initializing of server in progress as process 80
 2026-09-14T17:01:24.633394Z 1 [System] [MY-013576] [InnoDB] InnoDB initialization has started.
 2026-09-14T17:01:24.742374Z 1 [System] [MY-013577] [InnoDB] InnoDB initialization has ended.
 2026-09-14 17:01:24+00:00 [Note] [Entrypoint]: Entrypoint script for MySQL Server 9.6.0-1.el9 started.
 2026-09-14T17:01:25.344703Z 6 [Warning] [MY-010453] [Server] root@localhost is created with an empty password ! Please consider switching off the --initialize-insecure option.
 2026-09-14T17:01:27.352617Z 0 [System] [MY-015018] [Server] MySQL Server Initialization - end.
 2026-09-14T17:01:27.405854Z 0 [System] [MY-015015] [Server] MySQL Server - start.
 2026-09-14T17:01:27.587079Z 0 [System] [MY-010116] [Server] /usr/sbin/mysqld (mysqld 9.6.0) starting as process 117
 2026-09-14T17:01:27.587094Z 0 [System] [MY-015590] [Server] MySQL Server has access to 4 logical CPUs.
 2026-09-14T17:01:27.587102Z 0 [System] [MY-015590] [Server] MySQL Server has access to 16766414848 bytes of physical memory.
 2026-09-14T17:01:27.597385Z 1 [System] [MY-013576] [InnoDB] InnoDB initialization has started.
 2026-09-14T17:01:27.712901Z 1 [System] [MY-013577] [InnoDB] InnoDB initialization has ended.
 2026-09-14T17:01:27.924137Z 0 [Warning] [MY-010068] [Server] CA certificate ca.pem is self signed.
 2026-09-14T17:01:27.924177Z 0 [System] [MY-013602] [Server] Channel mysql_main configured to support TLS. Encrypted connections are now supported for this channel.
 2026-09-14T17:01:27.925744Z 0 [Warning] [MY-011810] [Server] Insecure configuration for --pid-file: Location '/var/run/mysqld' in the path is accessible to all OS users. Consider choosing a different directory.
 2026-09-14T17:01:27.942697Z 0 [System] [MY-011323] [Server] X Plugin ready for connections. Socket: /var/run/mysqld/mysqlx.sock
 2026-09-14T17:01:27.942835Z 0 [System] [MY-010931] [Server] /usr/sbin/mysqld: ready for connections. Version: '9.6.0'  socket: '/var/run/mysqld/mysqld.sock'  port: 0  MySQL Community Server - GPL.
 Warning: Unable to load '/usr/share/zoneinfo/iso3166.tab' as time zone. Skipping it.
 Warning: Unable to load '/usr/share/zoneinfo/leap-seconds.list' as time zone. Skipping it.
 Warning: Unable to load '/usr/share/zoneinfo/leapseconds' as time zone. Skipping it.
 Warning: Unable to load '/usr/share/zoneinfo/tzdata.zi' as time zone. Skipping it.
 Warning: Unable to load '/usr/share/zoneinfo/zone.tab' as time zone. Skipping it.
 Warning: Unable to load '/usr/share/zoneinfo/zone1970.tab' as time zone. Skipping it.
 2026-09-14T17:01:29.638043Z 14 [System] [MY-013172] [Server] Received SHUTDOWN from user root. Shutting down mysqld (Version: 9.6.0).
 2026-09-14T17:01:30.320624Z 0 [System] [MY-010910] [Server] /usr/sbin/mysqld: Shutdown complete (mysqld 9.6.0)  MySQL Community Server - GPL.
 2026-09-14T17:01:30.320642Z 0 [System] [MY-015016] [Server] MySQL Server - end.
 2026-09-14T17:01:30.656583Z 0 [System] [MY-015015] [Server] MySQL Server - start.
 2026-09-14T17:01:30.837398Z 0 [System] [MY-010116] [Server] /usr/sbin/mysqld (mysqld 9.6.0) starting as process 1
 2026-09-14T17:01:30.837409Z 0 [System] [MY-015590] [Server] MySQL Server has access to 4 logical CPUs.
 2026-09-14T17:01:30.837417Z 0 [System] [MY-015590] [Server] MySQL Server has access to 16766414848 bytes of physical memory.
 2026-09-14T17:01:30.842821Z 1 [System] [MY-013576] [InnoDB] InnoDB initialization has started.
 2026-09-14T17:01:30.955174Z 1 [System] [MY-013577] [InnoDB] InnoDB initialization has ended.
 2026-09-14T17:01:31.141321Z 0 [Warning] [MY-010068] [Server] CA certificate ca.pem is self signed.
 2026-09-14T17:01:31.141354Z 0 [System] [MY-013602] [Server] Channel mysql_main configured to support TLS. Encrypted connections are now supported for this channel.
 2026-09-14T17:01:31.142921Z 0 [Warning] [MY-011810] [Server] Insecure configuration for --pid-file: Location '/var/run/mysqld' in the path is accessible to all OS users. Consider choosing a different directory.
 2026-09-14T17:01:31.160693Z 0 [System] [MY-011323] [Server] X Plugin ready for connections. Bind-address: '::' port: 33060, socket: /var/run/mysqld/mysqlx.sock
 2026-09-14T17:01:31.160818Z 0 [System] [MY-010931] [Server] /usr/sbin/mysqld: ready for connections. Version: '9.6.0'  socket: '/var/run/mysqld/mysqld.sock'  port: 3306  MySQL Community Server - GPL.
 2026-09-14T17:02:49.809927Z 0 [System] [MY-013172] [Server] Received SHUTDOWN from user <via user signal>. Shutting down mysqld (Version: 9.6.0).
 2026-09-14T17:02:50.556891Z 0 [System] [MY-010910] [Server] /usr/sbin/mysqld: Shutdown complete (mysqld 9.6.0)  MySQL Community Server - GPL.
 2026-09-14T17:02:50.556906Z 0 [System] [MY-015016] [Server] MySQL Server - end.
 2026-09-14T17:02:51.308383Z 0 [System] [MY-015015] [Server] MySQL Server - start.
 2026-09-14T17:02:51.490383Z 0 [System] [MY-010116] [Server] /usr/sbin/mysqld (mysqld 9.6.0) starting as process 1
 2026-09-14T17:02:51.490398Z 0 [System] [MY-015590] [Server] MySQL Server has access to 4 logical CPUs.
 2026-09-14T17:02:51.490407Z 0 [System] [MY-015590] [Server] MySQL Server has access to 16766414848 bytes of physical memory.
 2026-09-14T17:02:51.495781Z 1 [System] [MY-013576] [InnoDB] InnoDB initialization has started.
 2026-09-14T17:02:51.604797Z 1 [System] [MY-013577] [InnoDB] InnoDB initialization has ended.
 2026-09-14T17:02:51.786103Z 0 [Warning] [MY-010068] [Server] CA certificate ca.pem is self signed.
 2026-09-14T17:02:51.786138Z 0 [System] [MY-013602] [Server] Channel mysql_main configured to support TLS. Encrypted connections are now supported for this channel.
 2026-09-14T17:02:51.787794Z 0 [Warning] [MY-011810] [Server] Insecure configuration for --pid-file: Location '/var/run/mysqld' in the path is accessible to all OS users. Consider choosing a different directory.
 2026-09-14T17:02:51.809180Z 0 [System] [MY-011323] [Server] X Plugin ready for connections. Bind-address: '::' port: 33060, socket: /var/run/mysqld/mysqlx.sock
 2026-09-14T17:02:51.809270Z 0 [System] [MY-010931] [Server] /usr/sbin/mysqld: ready for connections. Version: '9.6.0'  socket: '/var/run/mysqld/mysqld.sock'  port: 3306  MySQL Community Server - GPL.
 2026-09-14 17:01:24+00:00 [Note] [Entrypoint]: Switching to dedicated user 'mysql'
 2026-09-14 17:01:24+00:00 [Note] [Entrypoint]: Entrypoint script for MySQL Server 9.6.0-1.el9 started.
 2026-09-14 17:01:24+00:00 [Note] [Entrypoint]: Initializing database files
 2026-09-14 17:01:27+00:00 [Note] [Entrypoint]: Database files initialized
 2026-09-14 17:01:27+00:00 [Note] [Entrypoint]: Starting temporary server
 2026-09-14 17:01:27+00:00 [Note] [Entrypoint]: Temporary server started.
 '/var/lib/mysql/mysql.sock' -> '/var/run/mysqld/mysqld.sock'
 2026-09-14 17:01:29+00:00 [Note] [Entrypoint]: Creating database turnloop
 2026-09-14 17:01:29+00:00 [Note] [Entrypoint]: Creating user turnloop
 2026-09-14 17:01:29+00:00 [Note] [Entrypoint]: Giving user turnloop access to schema turnloop
 
 2026-09-14 17:01:29+00:00 [Note] [Entrypoint]: Stopping temporary server
 2026-09-14 17:01:30+00:00 [Note] [Entrypoint]: Temporary server stopped
 
 2026-09-14 17:01:30+00:00 [Note] [Entrypoint]: MySQL init process done. Ready for start up.
 
 2026-09-14 17:02:50+00:00 [Note] [Entrypoint]: Entrypoint script for MySQL Server 9.6.0-1.el9 started.
 2026-09-14 17:02:51+00:00 [Note] [Entrypoint]: Switching to dedicated user 'mysql'
 2026-09-14 17:02:51+00:00 [Note] [Entrypoint]: Entrypoint script for MySQL Server 9.6.0-1.el9 started.
 '/var/lib/mysql/mysql.sock' -> '/var/run/mysqld/mysqld.sock'
Stop and remove container: 331ebefddd2649b0bc0333b511fa05c2_mysql960_22c55a
##[command]/usr/bin/docker rm --force e3ca448c22d9567ff3a651a401deb042ffe188de817f51e2b4fb30dfd7795780
e3ca448c22d9567ff3a651a401deb042ffe188de817f51e2b4fb30dfd7795780
Remove container network: github_network_571bcef6aa2f48d997c88e1bf61a1616
##[command]/usr/bin/docker network rm github_network_571bcef6aa2f48d997c88e1bf61a1616
github_network_571bcef6aa2f48d997c88e1bf61a1616
Cleaning up orphan processes
