2026-09-14T17:19:32.8887610Z Current runner version: '2.337.0'
##[group]Runner Image Provisioner
Hosted Compute Agent
Version: 20260828.587
Commit: abac92662cab4cc7352de4f9f9d2e2419aad9c29
Build Date: 2026-08-28T16:44:25Z
Worker ID: {703f9cfb-9fb5-4193-8280-5798a743d932}
Azure Region: westus
##[endgroup]
##[group]Operating System
Microsoft Windows Server 2025
10.0.26100
Datacenter
##[endgroup]
##[group]Runner Image
Image: windows-2025-vs2026
Version: 20260907.229.1
Included Software: https://github.com/actions/runner-images/blob/win25-vs2026/20260907.229/images/windows/Windows2025-VS2026-Readme.md
Image Release: https://github.com/actions/runner-images/releases/tag/win25-vs2026%2F20260907.229
##[endgroup]
##[group]GITHUB_TOKEN Permissions
Contents: read
Metadata: read
##[endgroup]
Secret source: Actions
Cache mode: write
Prepare workflow directory
Prepare all required actions
Getting action download info
Download action repository 'actions/checkout@3d3c42e5aac5ba805825da76410c181273ba90b1' (SHA:3d3c42e5aac5ba805825da76410c181273ba90b1)
Download action repository 'actions/setup-python@5fda3b95a4ea91299a34e894583c3862153e4b97' (SHA:5fda3b95a4ea91299a34e894583c3862153e4b97)
Download action repository 'actions/setup-node@820762786026740c76f36085b0efc47a31fe5020' (SHA:820762786026740c76f36085b0efc47a31fe5020)
Complete job name: test-native (windows-2025)
##[group]Run actions/checkout@3d3c42e5aac5ba805825da76410c181273ba90b1
with:
  persist-credentials: false
  repository: PerryTS/turnloop
  token: ***
  ssh-strict: true
  ssh-user: git
  clean: true
  sparse-checkout-cone-mode: true
  fetch-depth: 1
  fetch-tags: false
  show-progress: true
  lfs: false
  submodules: false
  set-safe-directory: true
  allow-unsafe-pr-checkout: false
env:
  CARGO_TERM_COLOR: always
  CC_wasm32_wasip2: clang
  AR_wasm32_wasip2: llvm-ar
  CC_wasm32_wasip3: clang
  AR_wasm32_wasip3: llvm-ar
  CC_wasm32_unknown_unknown: clang
  AR_wasm32_unknown_unknown: llvm-ar
  RUST_BACKTRACE: 1
##[endgroup]
Syncing repository: PerryTS/turnloop
##[group]Getting Git version info
Working directory is 'D:\a\turnloop\turnloop'
[command]"C:\Program Files\Git\bin\git.exe" version
git version 2.55.0.windows.5
##[endgroup]
Temporarily overriding HOME='D:\a\_temp\88a6e801-8669-40b7-96a8-79180076732b' before making global git config changes
Adding repository directory to the temporary git global config as a safe directory
[command]"C:\Program Files\Git\bin\git.exe" config --global --add safe.directory D:\a\turnloop\turnloop
Deleting the contents of 'D:\a\turnloop\turnloop'
##[group]Determining repository object format
##[endgroup]
##[group]Initializing the repository
[command]"C:\Program Files\Git\bin\git.exe" init D:\a\turnloop\turnloop
Initialized empty Git repository in D:/a/turnloop/turnloop/.git/
[command]"C:\Program Files\Git\bin\git.exe" remote add origin https://github.com/PerryTS/turnloop
##[endgroup]
##[group]Disabling automatic garbage collection
[command]"C:\Program Files\Git\bin\git.exe" config --local gc.auto 0
##[endgroup]
##[group]Setting up auth
Removing SSH command configuration
[command]"C:\Program Files\Git\bin\git.exe" config --local --name-only --get-regexp core\.sshCommand
[command]"C:\Program Files\Git\bin\git.exe" submodule foreach --recursive "sh -c \"git config --local --name-only --get-regexp 'core\.sshCommand' && git config --local --unset-all 'core.sshCommand' || :\""
Removing HTTP extra header
[command]"C:\Program Files\Git\bin\git.exe" config --local --name-only --get-regexp http\.https\:\/\/github\.com\/\.extraheader
[command]"C:\Program Files\Git\bin\git.exe" submodule foreach --recursive "sh -c \"git config --local --name-only --get-regexp 'http\.https\:\/\/github\.com\/\.extraheader' && git config --local --unset-all 'http.https://github.com/.extraheader' || :\""
Removing includeIf entries pointing to credentials config files
[command]"C:\Program Files\Git\bin\git.exe" config --local --name-only --get-regexp ^includeIf\.gitdir:
[command]"C:\Program Files\Git\bin\git.exe" submodule foreach --recursive "git config --local --show-origin --name-only --get-regexp remote.origin.url"
[command]"C:\Program Files\Git\bin\git.exe" config --file D:\a\_temp\git-credentials-077caf3c-aa1b-4cbc-8af5-d4660cf41503.config http.https://github.com/.extraheader "AUTHORIZATION: basic ***"
[command]"C:\Program Files\Git\bin\git.exe" config --local includeIf.gitdir:D:/a/turnloop/turnloop/.git.path D:\a\_temp\git-credentials-077caf3c-aa1b-4cbc-8af5-d4660cf41503.config
[command]"C:\Program Files\Git\bin\git.exe" config --local includeIf.gitdir:D:/a/turnloop/turnloop/.git/worktrees/*.path D:\a\_temp\git-credentials-077caf3c-aa1b-4cbc-8af5-d4660cf41503.config
[command]"C:\Program Files\Git\bin\git.exe" config --local includeIf.gitdir:/github/workspace/.git.path /github/runner_temp/git-credentials-077caf3c-aa1b-4cbc-8af5-d4660cf41503.config
[command]"C:\Program Files\Git\bin\git.exe" config --local includeIf.gitdir:/github/workspace/.git/worktrees/*.path /github/runner_temp/git-credentials-077caf3c-aa1b-4cbc-8af5-d4660cf41503.config
##[endgroup]
##[group]Fetching the repository
[command]"C:\Program Files\Git\bin\git.exe" -c protocol.version=2 fetch --no-tags --prune --no-recurse-submodules --depth=1 origin +7aad6eb8bcba4fb49ea207a0af3c7f8e87235a36:refs/remotes/origin/main
From https://github.com/PerryTS/turnloop
 * [new ref]         7aad6eb8bcba4fb49ea207a0af3c7f8e87235a36 -> origin/main
[command]"C:\Program Files\Git\bin\git.exe" branch --list --remote origin/main
  origin/main
[command]"C:\Program Files\Git\bin\git.exe" rev-parse refs/remotes/origin/main
7aad6eb8bcba4fb49ea207a0af3c7f8e87235a36
##[endgroup]
##[group]Determining the checkout info
##[endgroup]
[command]"C:\Program Files\Git\bin\git.exe" sparse-checkout disable
[command]"C:\Program Files\Git\bin\git.exe" config --local --unset-all extensions.worktreeConfig
##[group]Checking out the ref
[command]"C:\Program Files\Git\bin\git.exe" checkout --progress --force -B main refs/remotes/origin/main
Switched to a new branch 'main'
branch 'main' set up to track 'origin/main'.
##[endgroup]
[command]"C:\Program Files\Git\bin\git.exe" log -1 --format=%H
7aad6eb8bcba4fb49ea207a0af3c7f8e87235a36
##[group]Removing auth
Removing SSH command configuration
[command]"C:\Program Files\Git\bin\git.exe" config --local --name-only --get-regexp core\.sshCommand
[command]"C:\Program Files\Git\bin\git.exe" submodule foreach --recursive "sh -c \"git config --local --name-only --get-regexp 'core\.sshCommand' && git config --local --unset-all 'core.sshCommand' || :\""
Removing HTTP extra header
[command]"C:\Program Files\Git\bin\git.exe" config --local --name-only --get-regexp http\.https\:\/\/github\.com\/\.extraheader
[command]"C:\Program Files\Git\bin\git.exe" submodule foreach --recursive "sh -c \"git config --local --name-only --get-regexp 'http\.https\:\/\/github\.com\/\.extraheader' && git config --local --unset-all 'http.https://github.com/.extraheader' || :\""
Removing includeIf entries pointing to credentials config files
[command]"C:\Program Files\Git\bin\git.exe" config --local --name-only --get-regexp ^includeIf\.gitdir:
includeif.gitdir:D:/a/turnloop/turnloop/.git.path
includeif.gitdir:D:/a/turnloop/turnloop/.git/worktrees/*.path
includeif.gitdir:/github/workspace/.git.path
includeif.gitdir:/github/workspace/.git/worktrees/*.path
[command]"C:\Program Files\Git\bin\git.exe" config --local --get-all includeif.gitdir:D:/a/turnloop/turnloop/.git.path
D:\a\_temp\git-credentials-077caf3c-aa1b-4cbc-8af5-d4660cf41503.config
[command]"C:\Program Files\Git\bin\git.exe" config --local --unset includeif.gitdir:D:/a/turnloop/turnloop/.git.path D\:\\a\\_temp\\git\-credentials\-077caf3c\-aa1b\-4cbc\-8af5\-d4660cf41503\.config
[command]"C:\Program Files\Git\bin\git.exe" config --local --get-all includeif.gitdir:D:/a/turnloop/turnloop/.git/worktrees/*.path
D:\a\_temp\git-credentials-077caf3c-aa1b-4cbc-8af5-d4660cf41503.config
[command]"C:\Program Files\Git\bin\git.exe" config --local --unset includeif.gitdir:D:/a/turnloop/turnloop/.git/worktrees/*.path D\:\\a\\_temp\\git\-credentials\-077caf3c\-aa1b\-4cbc\-8af5\-d4660cf41503\.config
[command]"C:\Program Files\Git\bin\git.exe" config --local --get-all includeif.gitdir:/github/workspace/.git.path
/github/runner_temp/git-credentials-077caf3c-aa1b-4cbc-8af5-d4660cf41503.config
[command]"C:\Program Files\Git\bin\git.exe" config --local --unset includeif.gitdir:/github/workspace/.git.path \/github\/runner_temp\/git\-credentials\-077caf3c\-aa1b\-4cbc\-8af5\-d4660cf41503\.config
[command]"C:\Program Files\Git\bin\git.exe" config --local --get-all includeif.gitdir:/github/workspace/.git/worktrees/*.path
/github/runner_temp/git-credentials-077caf3c-aa1b-4cbc-8af5-d4660cf41503.config
[command]"C:\Program Files\Git\bin\git.exe" config --local --unset includeif.gitdir:/github/workspace/.git/worktrees/*.path \/github\/runner_temp\/git\-credentials\-077caf3c\-aa1b\-4cbc\-8af5\-d4660cf41503\.config
[command]"C:\Program Files\Git\bin\git.exe" submodule foreach --recursive "git config --local --show-origin --name-only --get-regexp remote.origin.url"
Removing credentials config 'D:\a\_temp\git-credentials-077caf3c-aa1b-4cbc-8af5-d4660cf41503.config'
##[endgroup]
##[group]Run actions/setup-python@5fda3b95a4ea91299a34e894583c3862153e4b97
with:
  python-version: 3.14
  check-latest: false
  token: ***
  update-environment: true
  allow-prereleases: false
  freethreaded: false
env:
  CARGO_TERM_COLOR: always
  CC_wasm32_wasip2: clang
  AR_wasm32_wasip2: llvm-ar
  CC_wasm32_wasip3: clang
  AR_wasm32_wasip3: llvm-ar
  CC_wasm32_unknown_unknown: clang
  AR_wasm32_unknown_unknown: llvm-ar
  RUST_BACKTRACE: 1
##[endgroup]
##[group]Installed versions
Successfully set up CPython (3.14.7)
##[endgroup]
##[group]Run actions/setup-node@820762786026740c76f36085b0efc47a31fe5020
with:
  node-version: 26.5.1
  package-manager-cache: false
  check-latest: false
  token: ***
env:
  CARGO_TERM_COLOR: always
  CC_wasm32_wasip2: clang
  AR_wasm32_wasip2: llvm-ar
  CC_wasm32_wasip3: clang
  AR_wasm32_wasip3: llvm-ar
  CC_wasm32_unknown_unknown: clang
  AR_wasm32_unknown_unknown: llvm-ar
  RUST_BACKTRACE: 1
  pythonLocation: C:\hostedtoolcache\windows\Python\3.14.7\x64
  PKG_CONFIG_PATH: C:\hostedtoolcache\windows\Python\3.14.7\x64/lib/pkgconfig
  Python_ROOT_DIR: C:\hostedtoolcache\windows\Python\3.14.7\x64
  Python2_ROOT_DIR: C:\hostedtoolcache\windows\Python\3.14.7\x64
  Python3_ROOT_DIR: C:\hostedtoolcache\windows\Python\3.14.7\x64
##[endgroup]
Attempting to download 26.5.1...
Acquiring 26.5.1 - x64 from https://github.com/actions/node-versions/releases/download/26.5.1-30508404249/node-26.5.1-win32-x64.7z
Extracting ...
Adding to the cache ...
##[group]Environment details
node: v26.5.1
npm: 11.17.0
yarn: 1.22.22
##[endgroup]
##[group]Run rustup toolchain install nightly-2026-08-20 --profile minimal --component rustfmt,clippy
rustup toolchain install nightly-2026-08-20 --profile minimal --component rustfmt,clippy
shell: C:\Program Files\Git\bin\bash.EXE --noprofile --norc -e -o pipefail {0}
env:
  CARGO_TERM_COLOR: always
  CC_wasm32_wasip2: clang
  AR_wasm32_wasip2: llvm-ar
  CC_wasm32_wasip3: clang
  AR_wasm32_wasip3: llvm-ar
  CC_wasm32_unknown_unknown: clang
  AR_wasm32_unknown_unknown: llvm-ar
  RUST_BACKTRACE: 1
  pythonLocation: C:\hostedtoolcache\windows\Python\3.14.7\x64
  PKG_CONFIG_PATH: C:\hostedtoolcache\windows\Python\3.14.7\x64/lib/pkgconfig
  Python_ROOT_DIR: C:\hostedtoolcache\windows\Python\3.14.7\x64
  Python2_ROOT_DIR: C:\hostedtoolcache\windows\Python\3.14.7\x64
  Python3_ROOT_DIR: C:\hostedtoolcache\windows\Python\3.14.7\x64
##[endgroup]
info: syncing channel updates for nightly-2026-08-20-x86_64-pc-windows-msvc
info: latest update on 2026-08-20 for version 1.100.0-nightly (f7d782a3b 2026-08-19)
info: downloading 5 components

  nightly-2026-08-20-x86_64-pc-windows-msvc installed - rustc 1.100.0-nightly (f7d782a3b 2026-08-19)

##[group]Run python3 scripts/ci/run-tests.py native
python3 scripts/ci/run-tests.py native
shell: C:\Program Files\Git\bin\bash.EXE --noprofile --norc -e -o pipefail {0}
env:
  CARGO_TERM_COLOR: always
  CC_wasm32_wasip2: clang
  AR_wasm32_wasip2: llvm-ar
  CC_wasm32_wasip3: clang
  AR_wasm32_wasip3: llvm-ar
  CC_wasm32_unknown_unknown: clang
  AR_wasm32_unknown_unknown: llvm-ar
  RUST_BACKTRACE: 1
  pythonLocation: C:\hostedtoolcache\windows\Python\3.14.7\x64
  PKG_CONFIG_PATH: C:\hostedtoolcache\windows\Python\3.14.7\x64/lib/pkgconfig
  Python_ROOT_DIR: C:\hostedtoolcache\windows\Python\3.14.7\x64
  Python2_ROOT_DIR: C:\hostedtoolcache\windows\Python\3.14.7\x64
  Python3_ROOT_DIR: C:\hostedtoolcache\windows\Python\3.14.7\x64
##[endgroup]
+ cargo +nightly-2026-08-20 metadata --format-version 1 --locked --manifest-path 'D:\a\turnloop\turnloop\Cargo.toml' --no-deps
PENDING Windows backend contracts: turnloop-contract. IOCP bounded waits/no-spin, socket I/O, cancel/close ordering, wake/integration, allocation and lifetime tests await the production provider. See [WINDOWS_HANDOFF.md](https://github.com/PerryTS/turnloop/blob/main/WINDOWS_HANDOFF.md), phase 2. Remove windows-contracts-pending metadata when IOCP lands.

+ cargo +nightly-2026-08-20 test --locked --manifest-path D:\a\turnloop\turnloop\Cargo.toml --workspace -- --test-threads=1
    Updating crates.io index
 Downloading crates ...
  Downloaded alloc-stdlib v0.2.4
  Downloaded alloc-no-stdlib v2.0.4
  Downloaded hex v0.4.3
  Downloaded adler2 v2.0.1
  Downloaded ciborium-ll v0.2.2
  Downloaded clap_lex v1.1.0
  Downloaded criterion-plot v0.5.0
  Downloaded fallible-iterator v0.2.0
  Downloaded postgres-protocol v0.6.12
  Downloaded ahash v0.8.12
  Downloaded chacha20 v0.10.2
  Downloaded data-encoding v2.11.1
  Downloaded flate2 v1.1.10
  Downloaded getrandom v0.2.17
  Downloaded httparse v1.10.1
  Downloaded idna v1.1.0
  Downloaded jobserver v0.1.35
  Downloaded memchr v2.8.3
  Downloaded once_cell v1.21.4
  Downloaded quoted_printable v0.5.2
  Downloaded aho-corasick v1.1.5
  Downloaded anstyle v1.0.14
  Downloaded bitvec v1.1.1
  Downloaded brotli-decompressor v5.0.3
  Downloaded cast v0.3.0
  Downloaded cc v1.4.5
  Downloaded icu_normalizer v2.3.0
  Downloaded radium v0.7.0
  Downloaded base64 v0.22.1
  Downloaded clap_builder v4.6.6
  Downloaded cpufeatures v0.3.1
  Downloaded ciborium v0.2.2
  Downloaded crc32fast v1.5.1
  Downloaded saturating v0.1.0
  Downloaded bson v3.1.0
  Downloaded brotli v8.0.4
  Downloaded form_urlencoded v1.2.2
  Downloaded icu_provider v2.3.1
  Downloaded log v0.4.34
  Downloaded same-file v1.0.6
  Downloaded simdutf8 v0.1.5
  Downloaded rand_core v0.6.4
  Downloaded itertools v0.10.5
  Downloaded smallvec v1.16.0
  Downloaded block-buffer v0.12.1
  Downloaded subtle v2.6.1
  Downloaded rustls-webpki v0.103.15
  Downloaded serde_json v1.0.151
  Downloaded crypto-common v0.2.2
  Downloaded itoa v1.0.18
  Downloaded hybrid-array v0.4.14
  Downloaded percent-encoding v2.3.2
  Downloaded rand_chacha v0.3.1
  Downloaded rand_core v0.9.5
  Downloaded ctutils v0.4.2
  Downloaded num-bigint v0.5.1
  Downloaded stable_deref_trait v1.2.1
  Downloaded thiserror-impl v2.0.20
  Downloaded proc-macro2 v1.0.107
  Downloaded yoke-derive v0.8.2
  Downloaded tinyvec v1.13.2
  Downloaded icu_properties_data v2.3.0
  Downloaded num-conv v0.2.2
  Downloaded num-traits v0.2.19
  Downloaded pem v3.0.6
  Downloaded rand v0.10.2
  Downloaded utf8_iter v1.0.4
  Downloaded zerofrom-derive v0.1.7
  Downloaded displaydoc v0.2.7
  Downloaded hashbrown v0.17.1
  Downloaded http v1.5.0
  Downloaded lettre v0.11.23
  Downloaded mysql_common v0.38.2
  Downloaded shlex v2.0.1
  Downloaded zmij v1.0.23
  Downloaded zerofrom v0.1.8
  Downloaded serde v1.0.229
  Downloaded serde_bytes v0.11.19
  Downloaded tap v1.0.1
  Downloaded time-core v0.1.9
  Downloaded const-oid v0.10.2
  Downloaded anes v0.1.6
  Downloaded synstructure v0.13.2
  Downloaded twox-hash v2.1.4
  Downloaded rand v0.9.5
  Downloaded tinyvec_macros v0.1.1
  Downloaded version_check v0.9.5
  Downloaded zerovec-derive v0.11.6
  Downloaded unicode-ident v1.0.24
  Downloaded untrusted v0.9.0
  Downloaded uuid v1.26.0
  Downloaded walkdir v2.5.0
  Downloaded wyz v0.5.1
  Downloaded zstd v0.13.3
  Downloaded btoi v0.5.0
  Downloaded email-encoding v0.4.1
  Downloaded rand_core v0.10.1
  Downloaded serde_derive v1.0.229
  Downloaded simd-adler32 v0.3.10
  Downloaded syn v2.0.119
  Downloaded unicode-bidi v0.3.18
  Downloaded autocfg v1.5.1
  Downloaded bytes v1.12.1
  Downloaded serde_core v1.0.229
  Downloaded sha2 v0.11.0
  Downloaded url v2.5.8
  Downloaded rcgen v0.13.2
  Downloaded yoke v0.8.3
  Downloaded stringprep v0.1.5
  Downloaded sha1 v0.11.0
  Downloaded tinystr v0.8.4
  Downloaded rand v0.8.8
  Downloaded typenum v1.20.1
  Downloaded zerovec v0.11.8
  Downloaded regex v1.13.1
  Downloaded unicode-normalization v0.1.25
  Downloaded winapi-util v0.1.11
  Downloaded writeable v0.6.4
  Downloaded yasna v0.5.2
  Downloaded webpki-roots v1.0.9
  Downloaded clap v4.6.6
  Downloaded syn v3.0.5
  Downloaded thiserror v2.0.20
  Downloaded rand_chacha v0.9.0
  Downloaded tungstenite v0.30.0
  Downloaded zeroize v1.9.0
  Downloaded windows-link v0.2.1
  Downloaded tinytemplate v1.2.1
  Downloaded rustls-pki-types v1.15.1
  Downloaded time v0.3.55
  Downloaded unicode-properties v0.1.4
  Downloaded zerocopy-derive v0.8.56
  Downloaded regex-syntax v0.8.11
  Downloaded zerocopy v0.8.56
  Downloaded zerotrie v0.2.5
  Downloaded zstd-safe v7.3.0
  Downloaded regex-automata v0.4.18
  Downloaded zstd-sys v2.1.0+zstd.1.5.7
  Downloaded time-macros v0.2.32
  Downloaded rustls v0.23.45
  Downloaded bitflags v2.13.1
  Downloaded ciborium-io v0.2.2
  Downloaded ring v0.17.14
  Downloaded windows-sys v0.61.2
  Downloaded is-terminal v0.4.17
  Downloaded getrandom v0.4.3
  Downloaded half v2.7.1
  Downloaded find-msvc-tools v0.1.12
  Downloaded pbkdf2 v0.13.0
  Downloaded equivalent v1.0.2
  Downloaded fastrand v2.5.0
  Downloaded icu_normalizer_data v2.3.0
  Downloaded icu_properties v2.3.0
  Downloaded mime v0.3.17
  Downloaded cfg-if v1.0.4
  Downloaded cmov v0.5.4
  Downloaded deranged v0.5.8
  Downloaded md-5 v0.11.0
  Downloaded either v1.18.0
  Downloaded digest v0.11.3
  Downloaded oorandom v11.1.5
  Downloaded powerfmt v0.2.0
  Downloaded byteorder v1.5.0
  Downloaded indexmap v2.14.2
  Downloaded miniz_oxide v0.9.1
  Downloaded potential_utf v0.1.6
  Downloaded icu_locale_core v2.3.0
  Downloaded httpdate v1.0.3
  Downloaded criterion v0.5.1
  Downloaded idna_adapter v1.2.2
  Downloaded email_address v0.2.9
  Downloaded funty v2.0.0
  Downloaded litemap v0.8.3
  Downloaded pkg-config v0.3.34
  Downloaded quote v1.0.47
  Downloaded num-integer v0.1.47
  Downloaded hmac v0.13.0
  Downloaded nom v8.0.0
  Downloaded getrandom v0.3.4
  Downloaded ppv-lite86 v0.2.21
  Downloaded icu_collections v2.3.0
   Compiling cfg-if v1.0.4
   Compiling proc-macro2 v1.0.107
   Compiling quote v1.0.47
   Compiling unicode-ident v1.0.24
   Compiling getrandom v0.4.3
   Compiling find-msvc-tools v0.1.12
   Compiling shlex v2.0.1
   Compiling getrandom v0.2.17
   Compiling once_cell v1.21.4
   Compiling base64 v0.22.1
   Compiling zeroize v1.9.0
   Compiling rustls-pki-types v1.15.1
   Compiling untrusted v0.9.0
   Compiling jobserver v0.1.35
   Compiling rustls v0.23.45
   Compiling cc v1.4.5
   Compiling subtle v2.6.1
   Compiling memchr v2.8.3
   Compiling syn v2.0.119
   Compiling syn v3.0.5
   Compiling typenum v1.20.1
   Compiling ring v0.17.14
   Compiling hybrid-array v0.4.14
   Compiling itoa v1.0.18
   Compiling cmov v0.5.4
   Compiling ctutils v0.4.2
   Compiling block-buffer v0.12.1
   Compiling crypto-common v0.2.2
   Compiling const-oid v0.10.2
   Compiling synstructure v0.13.2
   Compiling digest v0.11.3
   Compiling rand_core v0.10.1
   Compiling cpufeatures v0.3.1
   Compiling crc32fast v1.5.1
   Compiling stable_deref_trait v1.2.1
   Compiling adler2 v2.0.1
   Compiling serde_core v1.0.229
   Compiling simd-adler32 v0.3.10
   Compiling miniz_oxide v0.9.1
   Compiling zerovec-derive v0.11.6
   Compiling zerofrom-derive v0.1.7
   Compiling yoke-derive v0.8.2
   Compiling flate2 v1.1.10
   Compiling displaydoc v0.2.7
   Compiling zerofrom v0.1.8
   Compiling yoke v0.8.3
   Compiling zerovec v0.11.8
   Compiling rustls-webpki v0.103.15
   Compiling bytes v1.12.1
   Compiling zmij v1.0.23
   Compiling serde v1.0.229
   Compiling zerocopy v0.8.56
   Compiling tinystr v0.8.4
   Compiling zerocopy-derive v0.8.56
   Compiling serde_derive v1.0.229
   Compiling thiserror v2.0.20
   Compiling litemap v0.8.3
   Compiling writeable v0.6.4
   Compiling serde_json v1.0.151
   Compiling icu_locale_core v2.3.0
   Compiling potential_utf v0.1.6
   Compiling zerotrie v0.2.5
   Compiling sha2 v0.11.0
   Compiling thiserror-impl v2.0.20
   Compiling icu_normalizer_data v2.3.0
   Compiling utf8_iter v1.0.4
   Compiling icu_properties_data v2.3.0
   Compiling time-core v0.1.9
   Compiling num-conv v0.2.2
   Compiling time-macros v0.2.32
   Compiling icu_collections v2.3.0
   Compiling icu_provider v2.3.1
   Compiling powerfmt v0.2.0
   Compiling deranged v0.5.8
   Compiling sha1 v0.11.0
   Compiling smallvec v1.16.0
   Compiling icu_normalizer v2.3.0
   Compiling time v0.3.55
   Compiling icu_properties v2.3.0
   Compiling pkg-config v0.3.34
   Compiling tinyvec_macros v0.1.1
   Compiling zstd-sys v2.1.0+zstd.1.5.7
   Compiling tinyvec v1.13.2
   Compiling idna_adapter v1.2.2
   Compiling idna v1.1.0
   Compiling unicode-normalization v0.1.25
   Compiling ppv-lite86 v0.2.21
   Compiling uuid v1.26.0
   Compiling hmac v0.13.0
   Compiling unicode-properties v0.1.4
   Compiling zstd-safe v7.3.0
   Compiling autocfg v1.5.1
   Compiling unicode-bidi v0.3.18
   Compiling hex v0.4.3
   Compiling md-5 v0.11.0
   Compiling num-traits v0.2.19
   Compiling stringprep v0.1.5
   Compiling getrandom v0.3.4
   Compiling webpki-roots v1.0.9
   Compiling httparse v1.10.1
   Compiling alloc-no-stdlib v2.0.4
   Compiling byteorder v1.5.0
   Compiling alloc-stdlib v0.2.4
   Compiling turnloop-tls v0.1.0 (D:\a\turnloop\turnloop\protocols\turnloop-tls)
   Compiling chacha20 v0.10.2
   Compiling aho-corasick v1.1.5
   Compiling radium v0.7.0
   Compiling version_check v0.9.5
   Compiling regex-syntax v0.8.11
   Compiling percent-encoding v2.3.2
   Compiling form_urlencoded v1.2.2
   Compiling ahash v0.8.12
   Compiling rand v0.10.2
   Compiling brotli-decompressor v5.0.3
   Compiling zstd v0.13.3
   Compiling regex-automata v0.4.18
   Compiling rand_core v0.9.5
   Compiling http v1.5.0
   Compiling tap v1.0.1
   Compiling wyz v0.5.1
   Compiling rand_chacha v0.9.0
   Compiling brotli v8.0.4
   Compiling url v2.5.8
   Compiling equivalent v1.0.2
   Compiling hashbrown v0.17.1
   Compiling regex v1.13.1
   Compiling funty v2.0.0
   Compiling bitvec v1.1.1
   Compiling indexmap v2.14.2
   Compiling rand v0.9.5
   Compiling yasna v0.5.2
   Compiling serde_bytes v0.11.19
   Compiling pem v3.0.6
   Compiling simdutf8 v0.1.5
   Compiling turnloop v0.1.0 (D:\a\turnloop\turnloop\crates\turnloop)
   Compiling bson v3.1.0
   Compiling rcgen v0.13.2
   Compiling turnloop-http v0.1.0 (D:\a\turnloop\turnloop\protocols\turnloop-http)
   Compiling pbkdf2 v0.13.0
   Compiling windows-link v0.2.1
   Compiling windows-sys v0.61.2
   Compiling num-integer v0.1.47
   Compiling mysql_common v0.38.2
   Compiling num-bigint v0.5.1
   Compiling btoi v0.5.0
   Compiling bitflags v2.13.1
   Compiling saturating v0.1.0
   Compiling turnloop-mongodb v0.1.0 (D:\a\turnloop\turnloop\protocols\turnloop-mongodb)
   Compiling fallible-iterator v0.2.0
   Compiling postgres-protocol v0.6.12
   Compiling winapi-util v0.1.11
   Compiling half v2.7.1
   Compiling nom v8.0.0
   Compiling email-encoding v0.4.1
   Compiling anstyle v1.0.14
   Compiling either v1.18.0
   Compiling httpdate v1.0.3
   Compiling mime v0.3.17
   Compiling quoted_printable v0.5.2
   Compiling fastrand v2.5.0
   Compiling ciborium-io v0.2.2
   Compiling email_address v0.2.9
   Compiling clap_lex v1.1.0
   Compiling clap_builder v4.6.6
   Compiling ciborium-ll v0.2.2
   Compiling itertools v0.10.5
   Compiling lettre v0.11.23
   Compiling same-file v1.0.6
   Compiling rand_core v0.6.4
   Compiling log v0.4.34
   Compiling cast v0.3.0
   Compiling data-encoding v2.11.1
   Compiling criterion-plot v0.5.0
   Compiling tungstenite v0.30.0
   Compiling rand_chacha v0.3.1
   Compiling walkdir v2.5.0
   Compiling clap v4.6.6
   Compiling ciborium v0.2.2
   Compiling turnloop-mysql v0.1.0 (D:\a\turnloop\turnloop\protocols\turnloop-mysql)
   Compiling turnloop-postgres v0.1.0 (D:\a\turnloop\turnloop\protocols\turnloop-postgres)
   Compiling turnloop-contract v0.1.0 (D:\a\turnloop\turnloop\crates\turnloop-contract)
   Compiling is-terminal v0.4.17
   Compiling tinytemplate v1.2.1
   Compiling anes v0.1.6
   Compiling twox-hash v2.1.4
   Compiling oorandom v11.1.5
   Compiling turnloop-redis v0.1.0 (D:\a\turnloop\turnloop\protocols\turnloop-redis)
   Compiling criterion v0.5.1
   Compiling rand v0.8.8
   Compiling turnloop-smtp v0.1.0 (D:\a\turnloop\turnloop\protocols\turnloop-smtp)
   Compiling turnloop-zstd-decoder v0.1.0 (D:\a\turnloop\turnloop\protocols\turnloop-zstd-decoder)
   Compiling turnloop-websocket v0.1.0 (D:\a\turnloop\turnloop\protocols\turnloop-websocket)
   Compiling turnloop-bench v0.1.0 (D:\a\turnloop\turnloop\crates\turnloop-bench)
    Finished `test` profile [unoptimized + debuginfo] target(s) in 1m 37s
     Running unittests src\lib.rs (target\debug\build\turnloop/952d0dad60352658\out\turnloop-952d0dad60352658.exe)

running 5 tests
test driver::clock_contract::host_clock_arms_deadline_and_validates_queued_turns ... ok
test portable_tests::notifier_coalesces_retries_and_closes_without_a_backend ... ok
test portable_tests::tables_timers_posts_and_completion_leases_reuse_storage ... ok
test table::tests::stale_generation_never_reaches_reused_slot ... ok
test timer::tests::cancel_and_expire_match_sorted_reference ... ok

test result: ok. 5 passed; 0 failed; 0 ignored; 0 measured; 0 filtered out; finished in 0.01s

     Running unittests src\main.rs (target\debug\build\turnloop-bench/7653ea3fd09adde5\out\turnloop_bench-7653ea3fd09adde5.exe)

running 0 tests

test result: ok. 0 passed; 0 failed; 0 ignored; 0 measured; 0 filtered out; finished in 0.00s

     Running unittests src\lib.rs (target\debug\build\turnloop-contract/ac042774b3ac9e5c\out\turnloop_contract-ac042774b3ac9e5c.exe)

running 0 tests

test result: ok. 0 passed; 0 failed; 0 ignored; 0 measured; 0 filtered out; finished in 0.00s

     Running tests\allocations.rs (target\debug\build\turnloop-contract/ee4cb6620b8e9867\out\allocations-ee4cb6620b8e9867.exe)

running 0 tests

test result: ok. 0 passed; 0 failed; 0 ignored; 0 measured; 0 filtered out; finished in 0.00s

     Running tests\lifetimes.rs (target\debug\build\turnloop-contract/83456cd2746c8a76\out\lifetimes-83456cd2746c8a76.exe)

running 0 tests

test result: ok. 0 passed; 0 failed; 0 ignored; 0 measured; 0 filtered out; finished in 0.00s

     Running unittests src\lib.rs (target\debug\build\turnloop-http/2793e4ec4e660658\out\turnloop_http-2793e4ec4e660658.exe)

running 0 tests

test result: ok. 0 passed; 0 failed; 0 ignored; 0 measured; 0 filtered out; finished in 0.00s

     Running tests\allocations.rs (target\debug\build\turnloop-http/63b622b93e013cf4\out\allocations-63b622b93e013cf4.exe)
test reusable_serialization_and_hpack_encoder_allocate_zero ... ok
test http1_body_and_h2_flow_control_allocate_zero ... ok
test streaming_decompressors_reuse_scratch ... ok
test result: ok. 3 passed; 0 failed; 0 ignored; 0 measured; 0 filtered out;
     Running tests\codecs.rs (target\debug\build\turnloop-http/fddd1c0bba8f97fa\out\codecs-fddd1c0bba8f97fa.exe)

running 16 tests
test chunked_trailers_fragmentation_and_lengths ... ok
test expect_continue_streaming_abort_and_reuse ... ok
test gzip_deflate_br_zstd_decoding ... ok
test h2_bodyless_responses_send_lengths_and_failure_completion ... ok
test h2_continuation_flood_and_invalid_frames ... ok
test h2_hundred_streams_flow_control_abort_and_goaway ... ok
test h2_negative_initial_window_stalls_and_recovers ... ok
test hpack_roundtrip_evictions_and_limits ... ok
test informational_upgrade_and_eof ... ok
test proxy_credentials_and_cross_origin_mixed_case_headers ... ok
test redirect_pool_proxy_deadline_policy ... ok
test rfc_hpack_requests_and_huffman ... ok
test serialization_validates_before_writing ... ok
test smuggling_rejected_and_failure_sticky ... ok
test streaming_compression_fragmented_bounded_and_truncated ... ok
test vendored_hpack_interop_corpus ... ok

test result: ok. 16 passed; 0 failed; 0 ignored; 0 measured; 0 filtered out; finished in 0.23s

     Running tests\interop.rs (target\debug\build\turnloop-http/ecd417e4c0b3f6e8\out\interop-ecd417e4c0b3f6e8.exe)

running 7 tests
test abort_mid_body_closes_socket_and_completes_once ... ok
test curl_and_node_fetch_against_native_http1 ... ok
test curl_and_node_h2_hundred_streams_against_native_server ... FAILED
test https_over_unbuffered_tls ... ok
test native_h2_client_against_node_hundred_streams ... ignored, requires the private HTTP fixture from scripts/test-servers.py
test node_h1_redirect_compression_trailers_and_socket_reuse ... ignored, requires the private HTTP fixture from scripts/test-servers.py
test proxy_connect_then_tls_then_http ... ok

failures:

---- curl_and_node_h2_hundred_streams_against_native_server stdout ----

thread 'curl_and_node_h2_hundred_streams_against_native_server' (6332) panicked at protocols\turnloop-http\tests\interop.rs:317:9:
curl: option --http2-prior-knowledge: the installed libcurl version does not support this
curl: try 'curl --help' for more information

stack backtrace:
   0: std::panicking::panic_handler
             at /rustc/f7d782a3be46d6bb4b9792fe69a61db389ba1769/library\std\src\panicking.rs:679
   1: core::panicking::panic_fmt
             at /rustc/f7d782a3be46d6bb4b9792fe69a61db389ba1769/library\core\src\panicking.rs:80
   2: core::panicking::panic_display<enum2$<alloc::borrow::Cow<str$> > >
             at /rustc/f7d782a3be46d6bb4b9792fe69a61db389ba1769/library\core\src\panicking.rs:259
   3: interop::curl_and_node_h2_hundred_streams_against_native_server
             at .\tests\interop.rs:317
   4: interop::curl_and_node_h2_hundred_streams_against_native_server::closure$0
             at .\tests\interop.rs:294
   5: core::ops::function::FnOnce::call_once<interop::curl_and_node_h2_hundred_streams_against_native_server::closure_env$0,tuple$<> >
             at /rustc/f7d782a3be46d6bb4b9792fe69a61db389ba1769/library\core\src\ops\function.rs:250
   6: core::ops::function::FnOnce::call_once
             at /rustc/f7d782a3be46d6bb4b9792fe69a61db389ba1769/library\core\src\ops\function.rs:250
note: Some details are omitted, run with `RUST_BACKTRACE=full` for a verbose backtrace.


failures:
    curl_and_node_h2_hundred_streams_against_native_server

test result: FAILED. 4 passed; 1 failed; 2 ignored; 0 measured; 0 filtered out; finished in 0.38s

error: test failed, to rerun pass `-p turnloop-http --test interop`
ERROR: Command '['cargo', '+nightly-2026-08-20', 'test', '--locked', '--manifest-path', 'D:\\a\\turnloop\\turnloop\\Cargo.toml', '--workspace', '--', '--test-threads=1']' returned non-zero exit status 101.
##[error]Process completed with exit code 1.
Post job cleanup.
[command]"C:\Program Files\Git\bin\git.exe" version
git version 2.55.0.windows.5
Temporarily overriding HOME='D:\a\_temp\69476cbd-d0ad-4676-94d1-7c7a987b992d' before making global git config changes
Adding repository directory to the temporary git global config as a safe directory
[command]"C:\Program Files\Git\bin\git.exe" config --global --add safe.directory D:\a\turnloop\turnloop
Removing SSH command configuration
[command]"C:\Program Files\Git\bin\git.exe" config --local --name-only --get-regexp core\.sshCommand
[command]"C:\Program Files\Git\bin\git.exe" submodule foreach --recursive "sh -c \"git config --local --name-only --get-regexp 'core\.sshCommand' && git config --local --unset-all 'core.sshCommand' || :\""
Removing HTTP extra header
[command]"C:\Program Files\Git\bin\git.exe" config --local --name-only --get-regexp http\.https\:\/\/github\.com\/\.extraheader
[command]"C:\Program Files\Git\bin\git.exe" submodule foreach --recursive "sh -c \"git config --local --name-only --get-regexp 'http\.https\:\/\/github\.com\/\.extraheader' && git config --local --unset-all 'http.https://github.com/.extraheader' || :\""
Removing includeIf entries pointing to credentials config files
[command]"C:\Program Files\Git\bin\git.exe" config --local --name-only --get-regexp ^includeIf\.gitdir:
[command]"C:\Program Files\Git\bin\git.exe" submodule foreach --recursive "git config --local --show-origin --name-only --get-regexp remote.origin.url"
Cleaning up orphan processes
Terminate orphan process: pid (5744) (vctip)
